[    0.000000] Linux version 5.10.0-1011-oem (buildd@lgw01-amd64-033) (gcc (Ubuntu 9.3.0-17ubuntu1~20.04) 9.3.0, GNU ld (GNU Binutils for Ubuntu) 2.34) #12-Ubuntu SMP Mon Jan 25 10:12:43 UTC 2021 (Ubuntu 5.10.0-1011.12-oem 5.10.6)
[    0.000000] Command line: BOOT_IMAGE=/boot/vmlinuz-5.10.0-1011-oem root=UUID=fccc662c-a386-48ee-a135-447d3baf7ae9 ro quiet splash vt.handoff=7
[    0.000000] KERNEL supported cpus:
[    0.000000]   Intel GenuineIntel
[    0.000000]   AMD AuthenticAMD
[    0.000000]   Hygon HygonGenuine
[    0.000000]   Centaur CentaurHauls
[    0.000000]   zhaoxin   Shanghai  
[    0.000000] x86/fpu: Supporting XSAVE feature 0x001: 'x87 floating point registers'
[    0.000000] x86/fpu: Supporting XSAVE feature 0x002: 'SSE registers'
[    0.000000] x86/fpu: Supporting XSAVE feature 0x004: 'AVX registers'
[    0.000000] x86/fpu: xstate_offset[2]:  576, xstate_sizes[2]:  256
[    0.000000] x86/fpu: Enabled xstate features 0x7, context size is 832 bytes, using 'standard' format.
[    0.000000] BIOS-provided physical RAM map:
[    0.000000] BIOS-e820: [mem 0x0000000000000000-0x000000000009ffff] usable
[    0.000000] BIOS-e820: [mem 0x00000000000a0000-0x00000000000fffff] reserved
[    0.000000] BIOS-e820: [mem 0x0000000000100000-0x000000001fffffff] usable
[    0.000000] BIOS-e820: [mem 0x0000000020000000-0x00000000201fffff] reserved
[    0.000000] BIOS-e820: [mem 0x0000000020200000-0x000000003fffffff] usable
[    0.000000] BIOS-e820: [mem 0x0000000040000000-0x00000000401fffff] reserved
[    0.000000] BIOS-e820: [mem 0x0000000040200000-0x00000000aabccfff] usable
[    0.000000] BIOS-e820: [mem 0x00000000aabcd000-0x00000000aacf3fff] reserved
[    0.000000] BIOS-e820: [mem 0x00000000aacf4000-0x00000000aacf5fff] usable
[    0.000000] BIOS-e820: [mem 0x00000000aacf6000-0x00000000aade7fff] reserved
[    0.000000] BIOS-e820: [mem 0x00000000aade8000-0x00000000aaf17fff] usable
[    0.000000] BIOS-e820: [mem 0x00000000aaf18000-0x00000000aafe7fff] ACPI NVS
[    0.000000] BIOS-e820: [mem 0x00000000aafe8000-0x00000000aaffcfff] usable
[    0.000000] BIOS-e820: [mem 0x00000000aaffd000-0x00000000aaffffff] ACPI data
[    0.000000] BIOS-e820: [mem 0x00000000ab000000-0x00000000af9fffff] reserved
[    0.000000] BIOS-e820: [mem 0x00000000e0000000-0x00000000e3ffffff] reserved
[    0.000000] BIOS-e820: [mem 0x00000000fec00000-0x00000000fec00fff] reserved
[    0.000000] BIOS-e820: [mem 0x00000000fed10000-0x00000000fed13fff] reserved
[    0.000000] BIOS-e820: [mem 0x00000000fed18000-0x00000000fed19fff] reserved
[    0.000000] BIOS-e820: [mem 0x00000000fed1c000-0x00000000fed1ffff] reserved
[    0.000000] BIOS-e820: [mem 0x00000000fee00000-0x00000000fee00fff] reserved
[    0.000000] BIOS-e820: [mem 0x00000000ff980000-0x00000000ffbfffff] reserved
[    0.000000] BIOS-e820: [mem 0x00000000ffd80000-0x00000000ffffffff] reserved
[    0.000000] BIOS-e820: [mem 0x0000000100000000-0x000000034fdfffff] usable
[    0.000000] NX (Execute Disable) protection: active
[    0.000000] e820: update [mem 0x0229d018-0x022ad057] usable ==> usable
[    0.000000] e820: update [mem 0x0229d018-0x022ad057] usable ==> usable
[    0.000000] e820: update [mem 0x02421018-0x02431057] usable ==> usable
[    0.000000] e820: update [mem 0x02421018-0x02431057] usable ==> usable
[    0.000000] e820: update [mem 0x0227f018-0x0228b057] usable ==> usable
[    0.000000] e820: update [mem 0x0227f018-0x0228b057] usable ==> usable
[    0.000000] extended physical RAM map:
[    0.000000] reserve setup_data: [mem 0x0000000000000000-0x000000000009ffff] usable
[    0.000000] reserve setup_data: [mem 0x00000000000a0000-0x00000000000fffff] reserved
[    0.000000] reserve setup_data: [mem 0x0000000000100000-0x000000000227f017] usable
[    0.000000] reserve setup_data: [mem 0x000000000227f018-0x000000000228b057] usable
[    0.000000] reserve setup_data: [mem 0x000000000228b058-0x000000000229d017] usable
[    0.000000] reserve setup_data: [mem 0x000000000229d018-0x00000000022ad057] usable
[    0.000000] reserve setup_data: [mem 0x00000000022ad058-0x0000000002421017] usable
[    0.000000] reserve setup_data: [mem 0x0000000002421018-0x0000000002431057] usable
[    0.000000] reserve setup_data: [mem 0x0000000002431058-0x000000001fffffff] usable
[    0.000000] reserve setup_data: [mem 0x0000000020000000-0x00000000201fffff] reserved
[    0.000000] reserve setup_data: [mem 0x0000000020200000-0x000000003fffffff] usable
[    0.000000] reserve setup_data: [mem 0x0000000040000000-0x00000000401fffff] reserved
[    0.000000] reserve setup_data: [mem 0x0000000040200000-0x00000000aabccfff] usable
[    0.000000] reserve setup_data: [mem 0x00000000aabcd000-0x00000000aacf3fff] reserved
[    0.000000] reserve setup_data: [mem 0x00000000aacf4000-0x00000000aacf5fff] usable
[    0.000000] reserve setup_data: [mem 0x00000000aacf6000-0x00000000aade7fff] reserved
[    0.000000] reserve setup_data: [mem 0x00000000aade8000-0x00000000aaf17fff] usable
[    0.000000] reserve setup_data: [mem 0x00000000aaf18000-0x00000000aafe7fff] ACPI NVS
[    0.000000] reserve setup_data: [mem 0x00000000aafe8000-0x00000000aaffcfff] usable
[    0.000000] reserve setup_data: [mem 0x00000000aaffd000-0x00000000aaffffff] ACPI data
[    0.000000] reserve setup_data: [mem 0x00000000ab000000-0x00000000af9fffff] reserved
[    0.000000] reserve setup_data: [mem 0x00000000e0000000-0x00000000e3ffffff] reserved
[    0.000000] reserve setup_data: [mem 0x00000000fec00000-0x00000000fec00fff] reserved
[    0.000000] reserve setup_data: [mem 0x00000000fed10000-0x00000000fed13fff] reserved
[    0.000000] reserve setup_data: [mem 0x00000000fed18000-0x00000000fed19fff] reserved
[    0.000000] reserve setup_data: [mem 0x00000000fed1c000-0x00000000fed1ffff] reserved
[    0.000000] reserve setup_data: [mem 0x00000000fee00000-0x00000000fee00fff] reserved
[    0.000000] reserve setup_data: [mem 0x00000000ff980000-0x00000000ffbfffff] reserved
[    0.000000] reserve setup_data: [mem 0x00000000ffd80000-0x00000000ffffffff] reserved
[    0.000000] reserve setup_data: [mem 0x0000000100000000-0x000000034fdfffff] usable
[    0.000000] efi: EFI v2.00 by American Megatrends
[    0.000000] efi: ACPI 2.0=0xaaffff98 SMBIOS=0x1af0d80 
[    0.000000] secureboot: Secure boot disabled
[    0.000000] SMBIOS 2.7 present.
[    0.000000] DMI: ASUSTeK Computer Inc. K53SM/K53SM, BIOS K53SM.211 03/06/2012
[    0.000000] tsc: Fast TSC calibration using PIT
[    0.000000] tsc: Detected 2494.430 MHz processor
[    0.001216] e820: update [mem 0x00000000-0x00000fff] usable ==> reserved
[    0.001219] e820: remove [mem 0x000a0000-0x000fffff] usable
[    0.001229] last_pfn = 0x34fe00 max_arch_pfn = 0x400000000
[    0.001234] MTRR default type: uncachable
[    0.001235] MTRR fixed ranges enabled:
[    0.001236]   00000-9FFFF write-back
[    0.001237]   A0000-BFFFF uncachable
[    0.001238]   C0000-CFFFF write-protect
[    0.001239]   D0000-E7FFF uncachable
[    0.001240]   E8000-FFFFF write-protect
[    0.001241] MTRR variable ranges enabled:
[    0.001243]   0 base 000000000 mask C00000000 write-back
[    0.001244]   1 base 0C0000000 mask FC0000000 uncachable
[    0.001245]   2 base 0B0000000 mask FF0000000 uncachable
[    0.001246]   3 base 0AC000000 mask FFC000000 uncachable
[    0.001247]   4 base 0AB000000 mask FFF000000 uncachable
[    0.001248]   5 base 380000000 mask F80000000 uncachable
[    0.001249]   6 base 360000000 mask FE0000000 uncachable
[    0.001250]   7 base 350000000 mask FF0000000 uncachable
[    0.001251]   8 base 34FE00000 mask FFFE00000 uncachable
[    0.001252]   9 disabled
[    0.002157] x86/PAT: Configuration [0-7]: WB  WC  UC- UC  WB  WP  UC- WT  
[    0.002508] total RAM covered: 12206M
[    0.002846]  gran_size: 64K 	chunk_size: 64K 	num_reg: 10  	lose cover RAM: 62M
[    0.002848]  gran_size: 64K 	chunk_size: 128K 	num_reg: 10  	lose cover RAM: 62M
[    0.002850]  gran_size: 64K 	chunk_size: 256K 	num_reg: 10  	lose cover RAM: 62M
[    0.002851]  gran_size: 64K 	chunk_size: 512K 	num_reg: 10  	lose cover RAM: 62M
[    0.002853]  gran_size: 64K 	chunk_size: 1M 	num_reg: 10  	lose cover RAM: 62M
[    0.002854]  gran_size: 64K 	chunk_size: 2M 	num_reg: 10  	lose cover RAM: 62M
[    0.002856]  gran_size: 64K 	chunk_size: 4M 	num_reg: 10  	lose cover RAM: 0G
[    0.002857]  gran_size: 64K 	chunk_size: 8M 	num_reg: 10  	lose cover RAM: 0G
[    0.002859]  gran_size: 64K 	chunk_size: 16M 	num_reg: 10  	lose cover RAM: 0G
[    0.002860]  gran_size: 64K 	chunk_size: 32M 	num_reg: 10  	lose cover RAM: 0G
[    0.002862]  gran_size: 64K 	chunk_size: 64M 	num_reg: 10  	lose cover RAM: 0G
[    0.002863]  gran_size: 64K 	chunk_size: 128M 	num_reg: 10  	lose cover RAM: 0G
[    0.002865]  gran_size: 64K 	chunk_size: 256M 	num_reg: 10  	lose cover RAM: 0G
[    0.002866] *BAD*gran_size: 64K 	chunk_size: 512M 	num_reg: 10  	lose cover RAM: -256M
[    0.002868] *BAD*gran_size: 64K 	chunk_size: 1G 	num_reg: 10  	lose cover RAM: -512M
[    0.002870] *BAD*gran_size: 64K 	chunk_size: 2G 	num_reg: 10  	lose cover RAM: -512M
[    0.002871]  gran_size: 128K 	chunk_size: 128K 	num_reg: 10  	lose cover RAM: 62M
[    0.002873]  gran_size: 128K 	chunk_size: 256K 	num_reg: 10  	lose cover RAM: 62M
[    0.002874]  gran_size: 128K 	chunk_size: 512K 	num_reg: 10  	lose cover RAM: 62M
[    0.002876]  gran_size: 128K 	chunk_size: 1M 	num_reg: 10  	lose cover RAM: 62M
[    0.002877]  gran_size: 128K 	chunk_size: 2M 	num_reg: 10  	lose cover RAM: 62M
[    0.002879]  gran_size: 128K 	chunk_size: 4M 	num_reg: 10  	lose cover RAM: 0G
[    0.002880]  gran_size: 128K 	chunk_size: 8M 	num_reg: 10  	lose cover RAM: 0G
[    0.002882]  gran_size: 128K 	chunk_size: 16M 	num_reg: 10  	lose cover RAM: 0G
[    0.002883]  gran_size: 128K 	chunk_size: 32M 	num_reg: 10  	lose cover RAM: 0G
[    0.002885]  gran_size: 128K 	chunk_size: 64M 	num_reg: 10  	lose cover RAM: 0G
[    0.002886]  gran_size: 128K 	chunk_size: 128M 	num_reg: 10  	lose cover RAM: 0G
[    0.002888]  gran_size: 128K 	chunk_size: 256M 	num_reg: 10  	lose cover RAM: 0G
[    0.002889] *BAD*gran_size: 128K 	chunk_size: 512M 	num_reg: 10  	lose cover RAM: -256M
[    0.002891] *BAD*gran_size: 128K 	chunk_size: 1G 	num_reg: 10  	lose cover RAM: -512M
[    0.002892] *BAD*gran_size: 128K 	chunk_size: 2G 	num_reg: 10  	lose cover RAM: -512M
[    0.002894]  gran_size: 256K 	chunk_size: 256K 	num_reg: 10  	lose cover RAM: 62M
[    0.002895]  gran_size: 256K 	chunk_size: 512K 	num_reg: 10  	lose cover RAM: 62M
[    0.002897]  gran_size: 256K 	chunk_size: 1M 	num_reg: 10  	lose cover RAM: 62M
[    0.002898]  gran_size: 256K 	chunk_size: 2M 	num_reg: 10  	lose cover RAM: 62M
[    0.002900]  gran_size: 256K 	chunk_size: 4M 	num_reg: 10  	lose cover RAM: 0G
[    0.002901]  gran_size: 256K 	chunk_size: 8M 	num_reg: 10  	lose cover RAM: 0G
[    0.002902]  gran_size: 256K 	chunk_size: 16M 	num_reg: 10  	lose cover RAM: 0G
[    0.002904]  gran_size: 256K 	chunk_size: 32M 	num_reg: 10  	lose cover RAM: 0G
[    0.002905]  gran_size: 256K 	chunk_size: 64M 	num_reg: 10  	lose cover RAM: 0G
[    0.002907]  gran_size: 256K 	chunk_size: 128M 	num_reg: 10  	lose cover RAM: 0G
[    0.002908]  gran_size: 256K 	chunk_size: 256M 	num_reg: 10  	lose cover RAM: 0G
[    0.002910] *BAD*gran_size: 256K 	chunk_size: 512M 	num_reg: 10  	lose cover RAM: -256M
[    0.002911] *BAD*gran_size: 256K 	chunk_size: 1G 	num_reg: 10  	lose cover RAM: -512M
[    0.002913] *BAD*gran_size: 256K 	chunk_size: 2G 	num_reg: 10  	lose cover RAM: -512M
[    0.002914]  gran_size: 512K 	chunk_size: 512K 	num_reg: 10  	lose cover RAM: 62M
[    0.002916]  gran_size: 512K 	chunk_size: 1M 	num_reg: 10  	lose cover RAM: 62M
[    0.002917]  gran_size: 512K 	chunk_size: 2M 	num_reg: 10  	lose cover RAM: 62M
[    0.002919]  gran_size: 512K 	chunk_size: 4M 	num_reg: 10  	lose cover RAM: 0G
[    0.002920]  gran_size: 512K 	chunk_size: 8M 	num_reg: 10  	lose cover RAM: 0G
[    0.002922]  gran_size: 512K 	chunk_size: 16M 	num_reg: 10  	lose cover RAM: 0G
[    0.002923]  gran_size: 512K 	chunk_size: 32M 	num_reg: 10  	lose cover RAM: 0G
[    0.002925]  gran_size: 512K 	chunk_size: 64M 	num_reg: 10  	lose cover RAM: 0G
[    0.002926]  gran_size: 512K 	chunk_size: 128M 	num_reg: 10  	lose cover RAM: 0G
[    0.002927]  gran_size: 512K 	chunk_size: 256M 	num_reg: 10  	lose cover RAM: 0G
[    0.002929] *BAD*gran_size: 512K 	chunk_size: 512M 	num_reg: 10  	lose cover RAM: -256M
[    0.002931] *BAD*gran_size: 512K 	chunk_size: 1G 	num_reg: 10  	lose cover RAM: -512M
[    0.002932] *BAD*gran_size: 512K 	chunk_size: 2G 	num_reg: 10  	lose cover RAM: -512M
[    0.002934]  gran_size: 1M 	chunk_size: 1M 	num_reg: 10  	lose cover RAM: 62M
[    0.002935]  gran_size: 1M 	chunk_size: 2M 	num_reg: 10  	lose cover RAM: 62M
[    0.002937]  gran_size: 1M 	chunk_size: 4M 	num_reg: 10  	lose cover RAM: 0G
[    0.002938]  gran_size: 1M 	chunk_size: 8M 	num_reg: 10  	lose cover RAM: 0G
[    0.002939]  gran_size: 1M 	chunk_size: 16M 	num_reg: 10  	lose cover RAM: 0G
[    0.002941]  gran_size: 1M 	chunk_size: 32M 	num_reg: 10  	lose cover RAM: 0G
[    0.002942]  gran_size: 1M 	chunk_size: 64M 	num_reg: 10  	lose cover RAM: 0G
[    0.002944]  gran_size: 1M 	chunk_size: 128M 	num_reg: 10  	lose cover RAM: 0G
[    0.002945]  gran_size: 1M 	chunk_size: 256M 	num_reg: 10  	lose cover RAM: 0G
[    0.002947] *BAD*gran_size: 1M 	chunk_size: 512M 	num_reg: 10  	lose cover RAM: -256M
[    0.002948] *BAD*gran_size: 1M 	chunk_size: 1G 	num_reg: 10  	lose cover RAM: -512M
[    0.002950] *BAD*gran_size: 1M 	chunk_size: 2G 	num_reg: 10  	lose cover RAM: -512M
[    0.002951]  gran_size: 2M 	chunk_size: 2M 	num_reg: 10  	lose cover RAM: 62M
[    0.002953]  gran_size: 2M 	chunk_size: 4M 	num_reg: 10  	lose cover RAM: 0G
[    0.002954]  gran_size: 2M 	chunk_size: 8M 	num_reg: 10  	lose cover RAM: 0G
[    0.002956]  gran_size: 2M 	chunk_size: 16M 	num_reg: 10  	lose cover RAM: 0G
[    0.002957]  gran_size: 2M 	chunk_size: 32M 	num_reg: 10  	lose cover RAM: 0G
[    0.002959]  gran_size: 2M 	chunk_size: 64M 	num_reg: 10  	lose cover RAM: 0G
[    0.002960]  gran_size: 2M 	chunk_size: 128M 	num_reg: 10  	lose cover RAM: 0G
[    0.002962]  gran_size: 2M 	chunk_size: 256M 	num_reg: 10  	lose cover RAM: 0G
[    0.002963] *BAD*gran_size: 2M 	chunk_size: 512M 	num_reg: 10  	lose cover RAM: -256M
[    0.002965] *BAD*gran_size: 2M 	chunk_size: 1G 	num_reg: 10  	lose cover RAM: -512M
[    0.002966] *BAD*gran_size: 2M 	chunk_size: 2G 	num_reg: 10  	lose cover RAM: -512M
[    0.002968]  gran_size: 4M 	chunk_size: 4M 	num_reg: 10  	lose cover RAM: 62M
[    0.002969]  gran_size: 4M 	chunk_size: 8M 	num_reg: 10  	lose cover RAM: 2M
[    0.002971]  gran_size: 4M 	chunk_size: 16M 	num_reg: 10  	lose cover RAM: 2M
[    0.002972]  gran_size: 4M 	chunk_size: 32M 	num_reg: 10  	lose cover RAM: 2M
[    0.002974]  gran_size: 4M 	chunk_size: 64M 	num_reg: 10  	lose cover RAM: 2M
[    0.002975]  gran_size: 4M 	chunk_size: 128M 	num_reg: 10  	lose cover RAM: 2M
[    0.002976]  gran_size: 4M 	chunk_size: 256M 	num_reg: 10  	lose cover RAM: 2M
[    0.002978] *BAD*gran_size: 4M 	chunk_size: 512M 	num_reg: 10  	lose cover RAM: -254M
[    0.002980] *BAD*gran_size: 4M 	chunk_size: 1G 	num_reg: 10  	lose cover RAM: -510M
[    0.002981] *BAD*gran_size: 4M 	chunk_size: 2G 	num_reg: 10  	lose cover RAM: -510M
[    0.002982]  gran_size: 8M 	chunk_size: 8M 	num_reg: 10  	lose cover RAM: 62M
[    0.002984]  gran_size: 8M 	chunk_size: 16M 	num_reg: 10  	lose cover RAM: 6M
[    0.002985]  gran_size: 8M 	chunk_size: 32M 	num_reg: 10  	lose cover RAM: 6M
[    0.002987]  gran_size: 8M 	chunk_size: 64M 	num_reg: 10  	lose cover RAM: 6M
[    0.002988]  gran_size: 8M 	chunk_size: 128M 	num_reg: 10  	lose cover RAM: 6M
[    0.002990]  gran_size: 8M 	chunk_size: 256M 	num_reg: 10  	lose cover RAM: 6M
[    0.002991] *BAD*gran_size: 8M 	chunk_size: 512M 	num_reg: 10  	lose cover RAM: -250M
[    0.002993] *BAD*gran_size: 8M 	chunk_size: 1G 	num_reg: 10  	lose cover RAM: -506M
[    0.002994] *BAD*gran_size: 8M 	chunk_size: 2G 	num_reg: 10  	lose cover RAM: -506M
[    0.002996]  gran_size: 16M 	chunk_size: 16M 	num_reg: 10  	lose cover RAM: 62M
[    0.002997]  gran_size: 16M 	chunk_size: 32M 	num_reg: 10  	lose cover RAM: 14M
[    0.002999]  gran_size: 16M 	chunk_size: 64M 	num_reg: 10  	lose cover RAM: 14M
[    0.003000]  gran_size: 16M 	chunk_size: 128M 	num_reg: 10  	lose cover RAM: 14M
[    0.003002]  gran_size: 16M 	chunk_size: 256M 	num_reg: 10  	lose cover RAM: 14M
[    0.003003] *BAD*gran_size: 16M 	chunk_size: 512M 	num_reg: 10  	lose cover RAM: -242M
[    0.003005] *BAD*gran_size: 16M 	chunk_size: 1G 	num_reg: 10  	lose cover RAM: -498M
[    0.003007] *BAD*gran_size: 16M 	chunk_size: 2G 	num_reg: 10  	lose cover RAM: -498M
[    0.003008]  gran_size: 32M 	chunk_size: 32M 	num_reg: 10  	lose cover RAM: 46M
[    0.003009]  gran_size: 32M 	chunk_size: 64M 	num_reg: 10  	lose cover RAM: 46M
[    0.003011]  gran_size: 32M 	chunk_size: 128M 	num_reg: 10  	lose cover RAM: 46M
[    0.003012]  gran_size: 32M 	chunk_size: 256M 	num_reg: 10  	lose cover RAM: 46M
[    0.003014] *BAD*gran_size: 32M 	chunk_size: 512M 	num_reg: 10  	lose cover RAM: -210M
[    0.003015] *BAD*gran_size: 32M 	chunk_size: 1G 	num_reg: 10  	lose cover RAM: -466M
[    0.003017] *BAD*gran_size: 32M 	chunk_size: 2G 	num_reg: 10  	lose cover RAM: -466M
[    0.003018]  gran_size: 64M 	chunk_size: 64M 	num_reg: 8  	lose cover RAM: 110M
[    0.003020]  gran_size: 64M 	chunk_size: 128M 	num_reg: 8  	lose cover RAM: 110M
[    0.003021]  gran_size: 64M 	chunk_size: 256M 	num_reg: 9  	lose cover RAM: 110M
[    0.003023]  gran_size: 64M 	chunk_size: 512M 	num_reg: 10  	lose cover RAM: 110M
[    0.003024]  gran_size: 64M 	chunk_size: 1G 	num_reg: 10  	lose cover RAM: 110M
[    0.003026]  gran_size: 64M 	chunk_size: 2G 	num_reg: 10  	lose cover RAM: 110M
[    0.003027]  gran_size: 128M 	chunk_size: 128M 	num_reg: 7  	lose cover RAM: 174M
[    0.003029]  gran_size: 128M 	chunk_size: 256M 	num_reg: 9  	lose cover RAM: 174M
[    0.003030]  gran_size: 128M 	chunk_size: 512M 	num_reg: 10  	lose cover RAM: 174M
[    0.003032]  gran_size: 128M 	chunk_size: 1G 	num_reg: 10  	lose cover RAM: 174M
[    0.003033]  gran_size: 128M 	chunk_size: 2G 	num_reg: 10  	lose cover RAM: 174M
[    0.003035]  gran_size: 256M 	chunk_size: 256M 	num_reg: 5  	lose cover RAM: 430M
[    0.003036]  gran_size: 256M 	chunk_size: 512M 	num_reg: 5  	lose cover RAM: 430M
[    0.003038]  gran_size: 256M 	chunk_size: 1G 	num_reg: 6  	lose cover RAM: 430M
[    0.003039]  gran_size: 256M 	chunk_size: 2G 	num_reg: 7  	lose cover RAM: 430M
[    0.003041]  gran_size: 512M 	chunk_size: 512M 	num_reg: 5  	lose cover RAM: 430M
[    0.003042]  gran_size: 512M 	chunk_size: 1G 	num_reg: 6  	lose cover RAM: 430M
[    0.003044]  gran_size: 512M 	chunk_size: 2G 	num_reg: 7  	lose cover RAM: 430M
[    0.003045]  gran_size: 1G 	chunk_size: 1G 	num_reg: 4  	lose cover RAM: 942M
[    0.003047]  gran_size: 1G 	chunk_size: 2G 	num_reg: 5  	lose cover RAM: 942M
[    0.003048]  gran_size: 2G 	chunk_size: 2G 	num_reg: 3  	lose cover RAM: 1966M
[    0.003050] mtrr_cleanup: can not find optimal value
[    0.003050] please specify mtrr_gran_size/mtrr_chunk_size
[    0.003056] e820: update [mem 0xab000000-0xffffffff] usable ==> reserved
[    0.003061] last_pfn = 0xaaffd max_arch_pfn = 0x400000000
[    0.013501] found SMP MP-table at [mem 0x000fcc60-0x000fcc6f]
[    0.013547] check: Scanning 1 areas for low memory corruption
[    0.013551] reserving inaccessible SNB gfx pages
[    0.014119] secureboot: Secure boot disabled
[    0.014121] RAMDISK: [mem 0x380bc000-0x3d260fff]
[    0.014128] ACPI: Early table checksum verification disabled
[    0.014131] ACPI: RSDP 0x00000000AAFFFF98 000024 (v02 _ASUS_)
[    0.014136] ACPI: XSDT 0x00000000AAFFEE18 000064 (v01 _ASUS_ NoteBook 06222004 MSFT 00010013)
[    0.014143] ACPI: FACP 0x00000000AAF9BD98 0000F4 (v04 _ASUS_ NoteBook 06222004 MSFT 00010013)
[    0.014150] ACPI: DSDT 0x00000000AAF7C018 00DCAC (v01 _ASUS_ NoteBook 00000000 INTL 20091112)
[    0.014154] ACPI: FACS 0x00000000AAFE5E40 000040
[    0.014157] ACPI: FACS 0x00000000AAFE5D40 000040
[    0.014161] ACPI: APIC 0x00000000AAFFDF18 0000CC (v02 _ASUS_ NoteBook 06222004 MSFT 00010013)
[    0.014165] ACPI: HPET 0x00000000AAFE6D18 000038 (v01 _ASUS_ NoteBook 06222004 AMI. 00000003)
[    0.014168] ACPI: ECDT 0x00000000AAFE5B18 0000C1 (v01 _ASUS_ NoteBook 06222004 AMI  00000000)
[    0.014172] ACPI: MCFG 0x00000000AAFE6C98 00003C (v01 _ASUS_ NoteBook 06222004 MSFT 00000097)
[    0.014176] ACPI: SSDT 0x00000000AAF7B018 0007DB (v01 PmRef  Cpu0Ist  00003000 INTL 20091112)
[    0.014180] ACPI: SSDT 0x00000000AAF7A018 000996 (v01 PmRef  CpuPm    00003000 INTL 20091112)
[    0.014184] ACPI: SSDT 0x00000000AAF5DA98 0002EF (v01 SataRe SataTabl 00001000 INTL 20091112)
[    0.014196] ACPI: Local APIC address 0xfee00000
[    0.014285] No NUMA configuration found
[    0.014286] Faking a node at [mem 0x0000000000000000-0x000000034fdfffff]
[    0.014297] NODE_DATA(0) allocated [mem 0x34fdcf000-0x34fdf8fff]
[    0.014730] Zone ranges:
[    0.014731]   DMA      [mem 0x0000000000001000-0x0000000000ffffff]
[    0.014733]   DMA32    [mem 0x0000000001000000-0x00000000ffffffff]
[    0.014735]   Normal   [mem 0x0000000100000000-0x000000034fdfffff]
[    0.014736]   Device   empty
[    0.014738] Movable zone start for each node
[    0.014741] Early memory node ranges
[    0.014742]   node   0: [mem 0x0000000000001000-0x000000000009ffff]
[    0.014744]   node   0: [mem 0x0000000000100000-0x000000001fffffff]
[    0.014745]   node   0: [mem 0x0000000020200000-0x000000003fffffff]
[    0.014745]   node   0: [mem 0x0000000040200000-0x00000000aabccfff]
[    0.014747]   node   0: [mem 0x00000000aacf4000-0x00000000aacf5fff]
[    0.014747]   node   0: [mem 0x00000000aade8000-0x00000000aaf17fff]
[    0.014748]   node   0: [mem 0x00000000aafe8000-0x00000000aaffcfff]
[    0.014749]   node   0: [mem 0x0000000100000000-0x000000034fdfffff]
[    0.015014] Zeroed struct page in unavailable ranges: 22861 pages
[    0.015016] Initmem setup node 0 [mem 0x0000000000001000-0x000000034fdfffff]
[    0.015018] On node 0 totalpages: 3122867
[    0.015019]   DMA zone: 64 pages used for memmap
[    0.015020]   DMA zone: 159 pages reserved
[    0.015021]   DMA zone: 3999 pages, LIFO batch:0
[    0.015047]   DMA32 zone: 10853 pages used for memmap
[    0.015049]   DMA32 zone: 694548 pages, LIFO batch:63
[    0.020232]   Normal zone: 37880 pages used for memmap
[    0.020235]   Normal zone: 2424320 pages, LIFO batch:63
[    0.038664] Reserving Intel graphics memory at [mem 0xaba00000-0xaf9fffff]
[    0.038784] ACPI: PM-Timer IO Port: 0x408
[    0.038787] ACPI: Local APIC address 0xfee00000
[    0.038806] IOAPIC[0]: apic_id 2, version 32, address 0xfec00000, GSI 0-23
[    0.038809] ACPI: INT_SRC_OVR (bus 0 bus_irq 0 global_irq 2 dfl dfl)
[    0.038811] ACPI: INT_SRC_OVR (bus 0 bus_irq 9 global_irq 9 high level)
[    0.038812] ACPI: IRQ0 used by override.
[    0.038814] ACPI: IRQ9 used by override.
[    0.038816] Using ACPI (MADT) for SMP configuration information
[    0.038818] ACPI: HPET id: 0x8086a701 base: 0xfed00000
[    0.038823] TSC deadline timer available
[    0.038824] smpboot: Allowing 16 CPUs, 12 hotplug CPUs
[    0.038854] PM: hibernation: Registered nosave memory: [mem 0x00000000-0x00000fff]
[    0.038856] PM: hibernation: Registered nosave memory: [mem 0x000a0000-0x000fffff]
[    0.038858] PM: hibernation: Registered nosave memory: [mem 0x0227f000-0x0227ffff]
[    0.038860] PM: hibernation: Registered nosave memory: [mem 0x0228b000-0x0228bfff]
[    0.038862] PM: hibernation: Registered nosave memory: [mem 0x0229d000-0x0229dfff]
[    0.038864] PM: hibernation: Registered nosave memory: [mem 0x022ad000-0x022adfff]
[    0.038866] PM: hibernation: Registered nosave memory: [mem 0x02421000-0x02421fff]
[    0.038868] PM: hibernation: Registered nosave memory: [mem 0x02431000-0x02431fff]
[    0.038870] PM: hibernation: Registered nosave memory: [mem 0x20000000-0x201fffff]
[    0.038872] PM: hibernation: Registered nosave memory: [mem 0x40000000-0x401fffff]
[    0.038874] PM: hibernation: Registered nosave memory: [mem 0xaabcd000-0xaacf3fff]
[    0.038877] PM: hibernation: Registered nosave memory: [mem 0xaacf6000-0xaade7fff]
[    0.038879] PM: hibernation: Registered nosave memory: [mem 0xaaf18000-0xaafe7fff]
[    0.038881] PM: hibernation: Registered nosave memory: [mem 0xaaffd000-0xaaffffff]
[    0.038882] PM: hibernation: Registered nosave memory: [mem 0xab000000-0xaf9fffff]
[    0.038883] PM: hibernation: Registered nosave memory: [mem 0xafa00000-0xdfffffff]
[    0.038883] PM: hibernation: Registered nosave memory: [mem 0xe0000000-0xe3ffffff]
[    0.038884] PM: hibernation: Registered nosave memory: [mem 0xe4000000-0xfebfffff]
[    0.038885] PM: hibernation: Registered nosave memory: [mem 0xfec00000-0xfec00fff]
[    0.038886] PM: hibernation: Registered nosave memory: [mem 0xfec01000-0xfed0ffff]
[    0.038887] PM: hibernation: Registered nosave memory: [mem 0xfed10000-0xfed13fff]
[    0.038887] PM: hibernation: Registered nosave memory: [mem 0xfed14000-0xfed17fff]
[    0.038888] PM: hibernation: Registered nosave memory: [mem 0xfed18000-0xfed19fff]
[    0.038889] PM: hibernation: Registered nosave memory: [mem 0xfed1a000-0xfed1bfff]
[    0.038890] PM: hibernation: Registered nosave memory: [mem 0xfed1c000-0xfed1ffff]
[    0.038891] PM: hibernation: Registered nosave memory: [mem 0xfed20000-0xfedfffff]
[    0.038892] PM: hibernation: Registered nosave memory: [mem 0xfee00000-0xfee00fff]
[    0.038892] PM: hibernation: Registered nosave memory: [mem 0xfee01000-0xff97ffff]
[    0.038893] PM: hibernation: Registered nosave memory: [mem 0xff980000-0xffbfffff]
[    0.038894] PM: hibernation: Registered nosave memory: [mem 0xffc00000-0xffd7ffff]
[    0.038895] PM: hibernation: Registered nosave memory: [mem 0xffd80000-0xffffffff]
[    0.038897] [mem 0xafa00000-0xdfffffff] available for PCI devices
[    0.038900] Booting paravirtualized kernel on bare hardware
[    0.038903] clocksource: refined-jiffies: mask: 0xffffffff max_cycles: 0xffffffff, max_idle_ns: 7645519600211568 ns
[    0.038912] setup_percpu: NR_CPUS:8192 nr_cpumask_bits:16 nr_cpu_ids:16 nr_node_ids:1
[    0.039450] percpu: Embedded 56 pages/cpu s192512 r8192 d28672 u262144
[    0.039462] pcpu-alloc: s192512 r8192 d28672 u262144 alloc=1*2097152
[    0.039464] pcpu-alloc: [0] 00 01 02 03 04 05 06 07 [0] 08 09 10 11 12 13 14 15 
[    0.039511] Built 1 zonelists, mobility grouping on.  Total pages: 3073911
[    0.039512] Policy zone: Normal
[    0.039513] Kernel command line: BOOT_IMAGE=/boot/vmlinuz-5.10.0-1011-oem root=UUID=fccc662c-a386-48ee-a135-447d3baf7ae9 ro quiet splash vt.handoff=7
[    0.040516] Dentry cache hash table entries: 2097152 (order: 12, 16777216 bytes, linear)
[    0.040972] Inode-cache hash table entries: 1048576 (order: 11, 8388608 bytes, linear)
[    0.041161] mem auto-init: stack:off, heap alloc:on, heap free:off
[    0.079580] Memory: 12056072K/12491468K available (14345K kernel code, 3531K rwdata, 5360K rodata, 2668K init, 5944K bss, 435136K reserved, 0K cma-reserved)
[    0.079588] random: get_random_u64 called from kmem_cache_open+0x2d/0x400 with crng_init=0
[    0.079734] SLUB: HWalign=64, Order=0-3, MinObjects=0, CPUs=16, Nodes=1
[    0.079747] Kernel/User page tables isolation: enabled
[    0.079767] ftrace: allocating 48418 entries in 190 pages
[    0.098583] ftrace: allocated 190 pages with 6 groups
[    0.098738] rcu: Hierarchical RCU implementation.
[    0.098739] rcu: 	RCU restricting CPUs from NR_CPUS=8192 to nr_cpu_ids=16.
[    0.098741] 	Trampoline variant of Tasks RCU enabled.
[    0.098741] 	Rude variant of Tasks RCU enabled.
[    0.098742] 	Tracing variant of Tasks RCU enabled.
[    0.098743] rcu: RCU calculated value of scheduler-enlistment delay is 25 jiffies.
[    0.098744] rcu: Adjusting geometry for rcu_fanout_leaf=16, nr_cpu_ids=16
[    0.103227] NR_IRQS: 524544, nr_irqs: 552, preallocated irqs: 16
[    0.103498] vt handoff: transparent VT on vt#7
[    0.103505] Console: colour dummy device 80x25
[    0.103534] printk: console [tty0] enabled
[    0.103555] ACPI: Core revision 20200925
[    0.103678] clocksource: hpet: mask: 0xffffffff max_cycles: 0xffffffff, max_idle_ns: 133484882848 ns
[    0.103694] APIC: Switch to symmetric I/O mode setup
[    0.103764] x2apic: IRQ remapping doesn't support X2APIC mode
[    0.103795] Switched APIC routing to physical flat.
[    0.104205] ..TIMER: vector=0x30 apic1=0 pin1=2 apic2=-1 pin2=-1
[    0.123693] clocksource: tsc-early: mask: 0xffffffffffffffff max_cycles: 0x23f4ac0ca2a, max_idle_ns: 440795324191 ns
[    0.123698] Calibrating delay loop (skipped), value calculated using timer frequency.. 4988.86 BogoMIPS (lpj=9977720)
[    0.123701] pid_max: default: 32768 minimum: 301
[    0.127727] LSM: Security Framework initializing
[    0.127738] Yama: becoming mindful.
[    0.127767] AppArmor: AppArmor initialized
[    0.127830] Mount-cache hash table entries: 32768 (order: 6, 262144 bytes, linear)
[    0.127858] Mountpoint-cache hash table entries: 32768 (order: 6, 262144 bytes, linear)
[    0.128167] mce: CPU0: Thermal monitoring enabled (TM1)
[    0.128178] process: using mwait in idle threads
[    0.128181] Last level iTLB entries: 4KB 512, 2MB 8, 4MB 8
[    0.128182] Last level dTLB entries: 4KB 512, 2MB 32, 4MB 32, 1GB 0
[    0.128186] Spectre V1 : Mitigation: usercopy/swapgs barriers and __user pointer sanitization
[    0.128187] Spectre V2 : Mitigation: Full generic retpoline
[    0.128188] Spectre V2 : Spectre v2 / SpectreRSB mitigation: Filling RSB on context switch
[    0.128189] Speculative Store Bypass: Vulnerable
[    0.128191] MDS: Vulnerable: Clear CPU buffers attempted, no microcode
[    0.128394] Freeing SMP alternatives memory: 40K
[    0.131797] smpboot: CPU0: Intel(R) Core(TM) i5-2450M CPU @ 2.50GHz (family: 0x6, model: 0x2a, stepping: 0x7)
[    0.131915] Performance Events: PEBS fmt1+, SandyBridge events, 16-deep LBR, full-width counters, Intel PMU driver.
[    0.131923] core: PEBS disabled due to CPU errata, please upgrade microcode
[    0.131924] ... version:                3
[    0.131925] ... bit width:              48
[    0.131926] ... generic registers:      4
[    0.131927] ... value mask:             0000ffffffffffff
[    0.131928] ... max period:             00007fffffffffff
[    0.131928] ... fixed-purpose events:   3
[    0.131929] ... event mask:             000000070000000f
[    0.132069] rcu: Hierarchical SRCU implementation.
[    0.133347] NMI watchdog: Enabled. Permanently consumes one hw-PMU counter.
[    0.133520] smp: Bringing up secondary CPUs ...
[    0.133645] x86: Booting SMP configuration:
[    0.133647] .... node  #0, CPUs:        #1  #2
[    0.138166] MDS CPU bug present and SMT on, data leak possible. See https://www.kernel.org/doc/html/latest/admin-guide/hw-vuln/mds.html for more details.
[    0.138166]   #3
[    0.139766] smp: Brought up 1 node, 4 CPUs
[    0.139766] smpboot: Max logical packages: 4
[    0.139766] smpboot: Total of 4 processors activated (19955.44 BogoMIPS)
[    0.143170] devtmpfs: initialized
[    0.143170] x86/mm: Memory block size: 128MB
[    0.143740] PM: Registering ACPI NVS region [mem 0xaaf18000-0xaafe7fff] (851968 bytes)
[    0.143854] clocksource: jiffies: mask: 0xffffffff max_cycles: 0xffffffff, max_idle_ns: 7645041785100000 ns
[    0.143854] futex hash table entries: 4096 (order: 6, 262144 bytes, linear)
[    0.143854] pinctrl core: initialized pinctrl subsystem
[    0.143911] PM: RTC time: 01:57:22, date: 2022-12-07
[    0.144054] NET: Registered protocol family 16
[    0.144343] DMA: preallocated 2048 KiB GFP_KERNEL pool for atomic allocations
[    0.144538] DMA: preallocated 2048 KiB GFP_KERNEL|GFP_DMA pool for atomic allocations
[    0.144739] DMA: preallocated 2048 KiB GFP_KERNEL|GFP_DMA32 pool for atomic allocations
[    0.144756] audit: initializing netlink subsys (disabled)
[    0.144788] audit: type=2000 audit(1670378242.040:1): state=initialized audit_enabled=0 res=1
[    0.144788] thermal_sys: Registered thermal governor 'fair_share'
[    0.144788] thermal_sys: Registered thermal governor 'bang_bang'
[    0.144788] thermal_sys: Registered thermal governor 'step_wise'
[    0.144788] thermal_sys: Registered thermal governor 'user_space'
[    0.144788] thermal_sys: Registered thermal governor 'power_allocator'
[    0.144788] EISA bus registered
[    0.144788] cpuidle: using governor ladder
[    0.144788] cpuidle: using governor menu
[    0.144788] ACPI FADT declares the system doesn't support PCIe ASPM, so disable it
[    0.144788] ACPI: bus type PCI registered
[    0.144788] acpiphp: ACPI Hot Plug PCI Controller Driver version: 0.5
[    0.144788] PCI: MMCONFIG for domain 0000 [bus 00-3f] at [mem 0xe0000000-0xe3ffffff] (base 0xe0000000)
[    0.144788] PCI: MMCONFIG at [mem 0xe0000000-0xe3ffffff] reserved in E820
[    0.144788] pmd_set_huge: Cannot satisfy [mem 0xe0000000-0xe0200000] with a huge-page mapping due to MTRR override.
[    0.144788] PCI: Using configuration type 1 for base access
[    0.144788] core: PMU erratum BJ122, BV98, HSD29 worked around, HT is on
[    0.144788] ENERGY_PERF_BIAS: Set to 'normal', was 'performance'
[    0.147738] HugeTLB registered 2.00 MiB page size, pre-allocated 0 pages
[    0.147830] ACPI: Added _OSI(Module Device)
[    0.147832] ACPI: Added _OSI(Processor Device)
[    0.147833] ACPI: Added _OSI(3.0 _SCP Extensions)
[    0.147834] ACPI: Added _OSI(Processor Aggregator Device)
[    0.147835] ACPI: Added _OSI(Linux-Dell-Video)
[    0.147836] ACPI: Added _OSI(Linux-Lenovo-NV-HDMI-Audio)
[    0.147837] ACPI: Added _OSI(Linux-HPI-Hybrid-Graphics)
[    0.162554] ACPI: 4 ACPI AML tables successfully acquired and loaded
[    0.163364] ACPI: EC: EC started
[    0.163365] ACPI: EC: interrupt blocked
[    0.164349] ACPI: EC: EC_CMD/EC_SC=0x66, EC_DATA=0x62
[    0.164350] ACPI: EC: Boot ECDT EC used to handle transactions
[    0.165059] ACPI: [Firmware Bug]: BIOS _OSI(Linux) query ignored
[    0.224708] ACPI: Dynamic OEM Table Load:
[    0.224715] ACPI: SSDT 0xFFFF98FD0108C000 000694 (v01 PmRef  Cpu0Cst  00003001 INTL 20091112)
[    0.225871] ACPI: Dynamic OEM Table Load:
[    0.225877] ACPI: SSDT 0xFFFF98FD00054400 000303 (v01 PmRef  ApIst    00003000 INTL 20091112)
[    0.226775] ACPI: Dynamic OEM Table Load:
[    0.226779] ACPI: SSDT 0xFFFF98FD01083C00 000119 (v01 PmRef  ApCst    00003000 INTL 20091112)
[    0.228383] ACPI: Interpreter enabled
[    0.228411] ACPI: (supports S0 S1 S3 S4 S5)
[    0.228412] ACPI: Using IOAPIC for interrupt routing
[    0.228447] PCI: Using host bridge windows from ACPI; if necessary, use "pci=nocrs" and report a bug
[    0.228766] ACPI: Enabled 12 GPEs in block 00 to 3F
[    0.295702] ACPI: PCI Root Bridge [PCI0] (domain 0000 [bus 00-3e])
[    0.295710] acpi PNP0A08:00: _OSC: OS supports [ExtendedConfig ASPM ClockPM Segments MSI HPX-Type3]
[    0.295773] acpi PNP0A08:00: _OSC failed (AE_ERROR); disabling ASPM
[    0.296625] PCI host bridge to bus 0000:00
[    0.296627] pci_bus 0000:00: root bus resource [io  0x0000-0x0cf7 window]
[    0.296629] pci_bus 0000:00: root bus resource [io  0x0d00-0xffff window]
[    0.296630] pci_bus 0000:00: root bus resource [mem 0x000a0000-0x000bffff window]
[    0.296631] pci_bus 0000:00: root bus resource [mem 0x000d0000-0x000d3fff window]
[    0.296633] pci_bus 0000:00: root bus resource [mem 0x000d4000-0x000d7fff window]
[    0.296634] pci_bus 0000:00: root bus resource [mem 0x000d8000-0x000dbfff window]
[    0.296635] pci_bus 0000:00: root bus resource [mem 0x000dc000-0x000dffff window]
[    0.296637] pci_bus 0000:00: root bus resource [mem 0x000e0000-0x000e3fff window]
[    0.296638] pci_bus 0000:00: root bus resource [mem 0x000e4000-0x000e7fff window]
[    0.296639] pci_bus 0000:00: root bus resource [mem 0xafa00000-0xfeafffff window]
[    0.296641] pci_bus 0000:00: root bus resource [mem 0xfed40000-0xfed44fff window]
[    0.296642] pci_bus 0000:00: root bus resource [bus 00-3e]
[    0.296656] pci 0000:00:00.0: [8086:0104] type 00 class 0x060000
[    0.296781] pci 0000:00:01.0: [8086:0101] type 01 class 0x060400
[    0.296821] pci 0000:00:01.0: PME# supported from D0 D3hot D3cold
[    0.296946] pci 0000:00:02.0: [8086:0126] type 00 class 0x030000
[    0.296955] pci 0000:00:02.0: reg 0x10: [mem 0xdc400000-0xdc7fffff 64bit]
[    0.296960] pci 0000:00:02.0: reg 0x18: [mem 0xb0000000-0xbfffffff 64bit pref]
[    0.296964] pci 0000:00:02.0: reg 0x20: [io  0xe000-0xe03f]
[    0.296976] pci 0000:00:02.0: BAR 2: assigned to efifb
[    0.297145] pci 0000:00:16.0: [8086:1c3a] type 00 class 0x078000
[    0.297166] pci 0000:00:16.0: reg 0x10: [mem 0xdf00a000-0xdf00a00f 64bit]
[    0.297243] pci 0000:00:16.0: PME# supported from D0 D3hot D3cold
[    0.297365] pci 0000:00:1a.0: [8086:1c2d] type 00 class 0x0c0320
[    0.297382] pci 0000:00:1a.0: reg 0x10: [mem 0xdf008000-0xdf0083ff]
[    0.297468] pci 0000:00:1a.0: PME# supported from D0 D3hot D3cold
[    0.297600] pci 0000:00:1b.0: [8086:1c20] type 00 class 0x040300
[    0.297618] pci 0000:00:1b.0: reg 0x10: [mem 0xdf000000-0xdf003fff 64bit]
[    0.297700] pci 0000:00:1b.0: PME# supported from D0 D3hot D3cold
[    0.297831] pci 0000:00:1c.0: [8086:1c10] type 01 class 0x060400
[    0.297924] pci 0000:00:1c.0: PME# supported from D0 D3hot D3cold
[    0.298064] pci 0000:00:1c.1: [8086:1c12] type 01 class 0x060400
[    0.298156] pci 0000:00:1c.1: PME# supported from D0 D3hot D3cold
[    0.298295] pci 0000:00:1c.3: [8086:1c16] type 01 class 0x060400
[    0.298388] pci 0000:00:1c.3: PME# supported from D0 D3hot D3cold
[    0.298524] pci 0000:00:1c.5: [8086:1c1a] type 01 class 0x060400
[    0.298617] pci 0000:00:1c.5: PME# supported from D0 D3hot D3cold
[    0.298755] pci 0000:00:1d.0: [8086:1c26] type 00 class 0x0c0320
[    0.298771] pci 0000:00:1d.0: reg 0x10: [mem 0xdf007000-0xdf0073ff]
[    0.298858] pci 0000:00:1d.0: PME# supported from D0 D3hot D3cold
[    0.298986] pci 0000:00:1f.0: [8086:1c49] type 00 class 0x060100
[    0.299207] pci 0000:00:1f.2: [8086:1c03] type 00 class 0x010601
[    0.299220] pci 0000:00:1f.2: reg 0x10: [io  0xe0b0-0xe0b7]
[    0.299228] pci 0000:00:1f.2: reg 0x14: [io  0xe0a0-0xe0a3]
[    0.299236] pci 0000:00:1f.2: reg 0x18: [io  0xe090-0xe097]
[    0.299244] pci 0000:00:1f.2: reg 0x1c: [io  0xe080-0xe083]
[    0.299251] pci 0000:00:1f.2: reg 0x20: [io  0xe060-0xe07f]
[    0.299259] pci 0000:00:1f.2: reg 0x24: [mem 0xdf006000-0xdf0067ff]
[    0.299303] pci 0000:00:1f.2: PME# supported from D3hot
[    0.299424] pci 0000:00:1f.3: [8086:1c22] type 00 class 0x0c0500
[    0.299441] pci 0000:00:1f.3: reg 0x10: [mem 0xdf005000-0xdf0050ff 64bit]
[    0.299462] pci 0000:00:1f.3: reg 0x20: [io  0xe040-0xe05f]
[    0.299644] pci 0000:01:00.0: [10de:0de9] type 00 class 0x030000
[    0.299653] pci 0000:01:00.0: reg 0x10: [mem 0xdb000000-0xdbffffff]
[    0.299660] pci 0000:01:00.0: reg 0x14: [mem 0xc0000000-0xcfffffff 64bit pref]
[    0.299667] pci 0000:01:00.0: reg 0x1c: [mem 0xd0000000-0xd1ffffff 64bit pref]
[    0.299671] pci 0000:01:00.0: reg 0x24: [io  0xd000-0xd07f]
[    0.299676] pci 0000:01:00.0: reg 0x30: [mem 0xdc000000-0xdc07ffff pref]
[    0.299681] pci 0000:01:00.0: enabling Extended Tags
[    0.299692] pci 0000:01:00.0: Enabling HDA controller
[    0.299838] pci 0000:01:00.1: [10de:0bea] type 00 class 0x040300
[    0.299847] pci 0000:01:00.1: reg 0x10: [mem 0x00000000-0x00003fff]
[    0.299870] pci 0000:01:00.1: enabling Extended Tags
[    0.299949] pci 0000:00:01.0: ASPM: current common clock configuration is inconsistent, reconfiguring
[    0.311743] pci 0000:00:01.0: PCI bridge to [bus 01]
[    0.311750] pci 0000:00:01.0:   bridge window [io  0xd000-0xdfff]
[    0.311757] pci 0000:00:01.0:   bridge window [mem 0xdb000000-0xdc0fffff]
[    0.311765] pci 0000:00:01.0:   bridge window [mem 0xc0000000-0xd1ffffff 64bit pref]
[    0.311869] pci 0000:00:1c.0: PCI bridge to [bus 02]
[    0.311873] pci 0000:00:1c.0:   bridge window [io  0xc000-0xcfff]
[    0.311877] pci 0000:00:1c.0:   bridge window [mem 0xde600000-0xdeffffff]
[    0.311883] pci 0000:00:1c.0:   bridge window [mem 0xd4200000-0xd4bfffff 64bit pref]
[    0.311969] pci 0000:03:00.0: [168c:002b] type 00 class 0x028000
[    0.311998] pci 0000:03:00.0: reg 0x10: [mem 0xddc00000-0xddc0ffff 64bit]
[    0.312153] pci 0000:03:00.0: supports D1
[    0.312154] pci 0000:03:00.0: PME# supported from D0 D1 D3hot D3cold
[    0.312307] pci 0000:00:1c.1: PCI bridge to [bus 03]
[    0.312311] pci 0000:00:1c.1:   bridge window [io  0xb000-0xbfff]
[    0.312315] pci 0000:00:1c.1:   bridge window [mem 0xddc00000-0xde5fffff]
[    0.312320] pci 0000:00:1c.1:   bridge window [mem 0xd3700000-0xd40fffff 64bit pref]
[    0.312412] pci 0000:04:00.0: [1b21:1042] type 00 class 0x0c0330
[    0.312455] pci 0000:04:00.0: reg 0x10: [mem 0xdd200000-0xdd207fff 64bit]
[    0.312666] pci 0000:04:00.0: PME# supported from D3hot D3cold
[    0.312814] pci 0000:00:1c.3: PCI bridge to [bus 04]
[    0.312818] pci 0000:00:1c.3:   bridge window [io  0xa000-0xafff]
[    0.312822] pci 0000:00:1c.3:   bridge window [mem 0xdd200000-0xddbfffff]
[    0.312827] pci 0000:00:1c.3:   bridge window [mem 0xd2c00000-0xd35fffff 64bit pref]
[    0.312920] pci 0000:05:00.0: [10ec:8168] type 00 class 0x020000
[    0.312946] pci 0000:05:00.0: reg 0x10: [io  0x9000-0x90ff]
[    0.312980] pci 0000:05:00.0: reg 0x18: [mem 0xd2104000-0xd2104fff 64bit pref]
[    0.313002] pci 0000:05:00.0: reg 0x20: [mem 0xd2100000-0xd2103fff 64bit pref]
[    0.313131] pci 0000:05:00.0: supports D1 D2
[    0.313132] pci 0000:05:00.0: PME# supported from D0 D1 D2 D3hot D3cold
[    0.313284] pci 0000:00:1c.5: PCI bridge to [bus 05]
[    0.313288] pci 0000:00:1c.5:   bridge window [io  0x9000-0x9fff]
[    0.313292] pci 0000:00:1c.5:   bridge window [mem 0xdc800000-0xdd1fffff]
[    0.313298] pci 0000:00:1c.5:   bridge window [mem 0xd2100000-0xd2afffff 64bit pref]
[    0.372007] ACPI: PCI Interrupt Link [LNKA] (IRQs 1 3 4 5 6 *10 11 12 14 15)
[    0.372097] ACPI: PCI Interrupt Link [LNKB] (IRQs 1 3 4 5 6 10 *11 12 14 15)
[    0.372185] ACPI: PCI Interrupt Link [LNKC] (IRQs 1 3 4 5 6 10 *11 12 14 15)
[    0.372273] ACPI: PCI Interrupt Link [LNKD] (IRQs 1 3 4 *5 6 10 11 12 14 15)
[    0.372361] ACPI: PCI Interrupt Link [LNKE] (IRQs 1 3 4 5 6 10 11 12 14 15) *0, disabled.
[    0.372452] ACPI: PCI Interrupt Link [LNKF] (IRQs 1 3 4 5 6 10 11 12 14 15) *0, disabled.
[    0.372540] ACPI: PCI Interrupt Link [LNKG] (IRQs 1 *3 4 5 6 10 11 12 14 15)
[    0.372627] ACPI: PCI Interrupt Link [LNKH] (IRQs 1 3 *4 5 6 10 11 12 14 15)
[    0.372876] ACPI: EC: interrupt unblocked
[    0.372877] ACPI: EC: event unblocked
[    0.372888] ACPI: EC: EC_CMD/EC_SC=0x66, EC_DATA=0x62
[    0.372889] ACPI: EC: GPE=0x1b
[    0.372891] ACPI: \_SB_.PCI0.LPCB.EC0_: Boot ECDT EC initialization complete
[    0.372893] ACPI: \_SB_.PCI0.LPCB.EC0_: EC: Used to handle transactions and events
[    0.372986] iommu: Default domain type: Translated 
[    0.372986] SCSI subsystem initialized
[    0.372986] libata version 3.00 loaded.
[    0.372986] pci 0000:00:02.0: vgaarb: setting as boot VGA device
[    0.372986] pci 0000:00:02.0: vgaarb: VGA device added: decodes=io+mem,owns=io+mem,locks=none
[    0.372986] pci 0000:01:00.0: vgaarb: VGA device added: decodes=io+mem,owns=none,locks=none
[    0.372986] pci 0000:00:02.0: vgaarb: no bridge control possible
[    0.372986] pci 0000:01:00.0: vgaarb: bridge control possible
[    0.372986] vgaarb: loaded
[    0.372986] ACPI: bus type USB registered
[    0.372986] usbcore: registered new interface driver usbfs
[    0.372986] usbcore: registered new interface driver hub
[    0.372986] usbcore: registered new device driver usb
[    0.372986] pps_core: LinuxPPS API ver. 1 registered
[    0.372986] pps_core: Software ver. 5.3.6 - Copyright 2005-2007 Rodolfo Giometti <giometti@linux.it>
[    0.372986] PTP clock support registered
[    0.372986] EDAC MC: Ver: 3.0.0
[    0.372986] Registered efivars operations
[    0.372986] NetLabel: Initializing
[    0.372986] NetLabel:  domain hash size = 128
[    0.372986] NetLabel:  protocols = UNLABELED CIPSOv4 CALIPSO
[    0.372986] NetLabel:  unlabeled traffic allowed by default
[    0.372986] PCI: Using ACPI for IRQ routing
[    0.373173] PCI: pci_cache_line_size set to 64 bytes
[    0.373232] e820: reserve RAM buffer [mem 0x0227f018-0x03ffffff]
[    0.373234] e820: reserve RAM buffer [mem 0x0229d018-0x03ffffff]
[    0.373235] e820: reserve RAM buffer [mem 0x02421018-0x03ffffff]
[    0.373236] e820: reserve RAM buffer [mem 0xaabcd000-0xabffffff]
[    0.373237] e820: reserve RAM buffer [mem 0xaacf6000-0xabffffff]
[    0.373239] e820: reserve RAM buffer [mem 0xaaf18000-0xabffffff]
[    0.373240] e820: reserve RAM buffer [mem 0xaaffd000-0xabffffff]
[    0.373241] e820: reserve RAM buffer [mem 0x34fe00000-0x34fffffff]
[    0.373245] hpet0: at MMIO 0xfed00000, IRQs 2, 8, 0, 0, 0, 0, 0, 0
[    0.373245] hpet0: 8 comparators, 64-bit 14.318180 MHz counter
[    0.376719] clocksource: Switched to clocksource tsc-early
[    0.391922] VFS: Disk quotas dquot_6.6.0
[    0.391946] VFS: Dquot-cache hash table entries: 512 (order 0, 4096 bytes)
[    0.392073] AppArmor: AppArmor Filesystem Enabled
[    0.392104] pnp: PnP ACPI init
[    0.392292] system 00:00: [io  0x0680-0x069f] has been reserved
[    0.392295] system 00:00: [io  0x1000-0x100f] has been reserved
[    0.392296] system 00:00: [io  0xffff] has been reserved
[    0.392298] system 00:00: [io  0xffff] has been reserved
[    0.392299] system 00:00: [io  0x0400-0x0453] has been reserved
[    0.392301] system 00:00: [io  0x0458-0x047f] has been reserved
[    0.392302] system 00:00: [io  0x0500-0x057f] has been reserved
[    0.392303] system 00:00: [io  0x164e-0x164f] has been reserved
[    0.392311] system 00:00: Plug and Play ACPI device, IDs PNP0c02 (active)
[    0.392337] pnp 00:01: Plug and Play ACPI device, IDs PNP0b00 (active)
[    0.392392] system 00:02: [io  0x0454-0x0457] has been reserved
[    0.392397] system 00:02: Plug and Play ACPI device, IDs INT3f0d PNP0c02 (active)
[    0.392455] pnp 00:03: Plug and Play ACPI device, IDs PNP0303 PNP030b (active)
[    0.392524] pnp 00:04: Plug and Play ACPI device, IDs SYN0a17 SYN0a00 SYN0002 PNP0f13 (active)
[    0.452077] system 00:05: [mem 0xfed1c000-0xfed1ffff] has been reserved
[    0.452080] system 00:05: [mem 0xfed10000-0xfed17fff] could not be reserved
[    0.452081] system 00:05: [mem 0xfed18000-0xfed18fff] has been reserved
[    0.452083] system 00:05: [mem 0xfed19000-0xfed19fff] has been reserved
[    0.452084] system 00:05: [mem 0xe0000000-0xe3ffffff] has been reserved
[    0.452086] system 00:05: [mem 0xfed20000-0xfed3ffff] has been reserved
[    0.452087] system 00:05: [mem 0xfed90000-0xfed93fff] has been reserved
[    0.452089] system 00:05: [mem 0xfed45000-0xfed8ffff] has been reserved
[    0.452090] system 00:05: [mem 0xff000000-0xffffffff] could not be reserved
[    0.452092] system 00:05: [mem 0xfee00000-0xfeefffff] could not be reserved
[    0.452093] system 00:05: [mem 0xafa00000-0xafa00fff] has been reserved
[    0.452098] system 00:05: Plug and Play ACPI device, IDs PNP0c02 (active)
[    0.452173] system 00:06: [mem 0xafa00000-0xafa00fff] has been reserved
[    0.452178] system 00:06: Plug and Play ACPI device, IDs PNP0c02 (active)
[    0.452362] system 00:07: [mem 0x20000000-0x201fffff] has been reserved
[    0.452364] system 00:07: [mem 0x40000000-0x401fffff] has been reserved
[    0.452368] system 00:07: Plug and Play ACPI device, IDs PNP0c01 (active)
[    0.452383] pnp: PnP ACPI: found 8 devices
[    0.458323] clocksource: acpi_pm: mask: 0xffffff max_cycles: 0xffffff, max_idle_ns: 2085701024 ns
[    0.458389] NET: Registered protocol family 2
[    0.458601] tcp_listen_portaddr_hash hash table entries: 8192 (order: 5, 131072 bytes, linear)
[    0.458711] TCP established hash table entries: 131072 (order: 8, 1048576 bytes, linear)
[    0.458990] TCP bind hash table entries: 65536 (order: 8, 1048576 bytes, linear)
[    0.459099] TCP: Hash tables configured (established 131072 bind 65536)
[    0.459215] MPTCP token hash table entries: 16384 (order: 6, 393216 bytes, linear)
[    0.459308] UDP hash table entries: 8192 (order: 6, 262144 bytes, linear)
[    0.459368] UDP-Lite hash table entries: 8192 (order: 6, 262144 bytes, linear)
[    0.459456] NET: Registered protocol family 1
[    0.459462] NET: Registered protocol family 44
[    0.459480] pci 0000:01:00.1: BAR 0: assigned [mem 0xdc080000-0xdc083fff]
[    0.459484] pci 0000:01:00.1: BAR 0: error updating (0xdc080000 != 0xffffffff)
[    0.459489] pci 0000:00:01.0: PCI bridge to [bus 01]
[    0.459491] pci 0000:00:01.0:   bridge window [io  0xd000-0xdfff]
[    0.459493] pci 0000:00:01.0:   bridge window [mem 0xdb000000-0xdc0fffff]
[    0.459496] pci 0000:00:01.0:   bridge window [mem 0xc0000000-0xd1ffffff 64bit pref]
[    0.459499] pci 0000:00:1c.0: PCI bridge to [bus 02]
[    0.459502] pci 0000:00:1c.0:   bridge window [io  0xc000-0xcfff]
[    0.459507] pci 0000:00:1c.0:   bridge window [mem 0xde600000-0xdeffffff]
[    0.459511] pci 0000:00:1c.0:   bridge window [mem 0xd4200000-0xd4bfffff 64bit pref]
[    0.459517] pci 0000:00:1c.1: PCI bridge to [bus 03]
[    0.459519] pci 0000:00:1c.1:   bridge window [io  0xb000-0xbfff]
[    0.459524] pci 0000:00:1c.1:   bridge window [mem 0xddc00000-0xde5fffff]
[    0.459528] pci 0000:00:1c.1:   bridge window [mem 0xd3700000-0xd40fffff 64bit pref]
[    0.459534] pci 0000:00:1c.3: PCI bridge to [bus 04]
[    0.459537] pci 0000:00:1c.3:   bridge window [io  0xa000-0xafff]
[    0.459541] pci 0000:00:1c.3:   bridge window [mem 0xdd200000-0xddbfffff]
[    0.459545] pci 0000:00:1c.3:   bridge window [mem 0xd2c00000-0xd35fffff 64bit pref]
[    0.459551] pci 0000:00:1c.5: PCI bridge to [bus 05]
[    0.459554] pci 0000:00:1c.5:   bridge window [io  0x9000-0x9fff]
[    0.459559] pci 0000:00:1c.5:   bridge window [mem 0xdc800000-0xdd1fffff]
[    0.459563] pci 0000:00:1c.5:   bridge window [mem 0xd2100000-0xd2afffff 64bit pref]
[    0.459570] pci_bus 0000:00: resource 4 [io  0x0000-0x0cf7 window]
[    0.459571] pci_bus 0000:00: resource 5 [io  0x0d00-0xffff window]
[    0.459573] pci_bus 0000:00: resource 6 [mem 0x000a0000-0x000bffff window]
[    0.459574] pci_bus 0000:00: resource 7 [mem 0x000d0000-0x000d3fff window]
[    0.459575] pci_bus 0000:00: resource 8 [mem 0x000d4000-0x000d7fff window]
[    0.459577] pci_bus 0000:00: resource 9 [mem 0x000d8000-0x000dbfff window]
[    0.459578] pci_bus 0000:00: resource 10 [mem 0x000dc000-0x000dffff window]
[    0.459580] pci_bus 0000:00: resource 11 [mem 0x000e0000-0x000e3fff window]
[    0.459581] pci_bus 0000:00: resource 12 [mem 0x000e4000-0x000e7fff window]
[    0.459583] pci_bus 0000:00: resource 13 [mem 0xafa00000-0xfeafffff window]
[    0.459584] pci_bus 0000:00: resource 14 [mem 0xfed40000-0xfed44fff window]
[    0.459585] pci_bus 0000:01: resource 0 [io  0xd000-0xdfff]
[    0.459587] pci_bus 0000:01: resource 1 [mem 0xdb000000-0xdc0fffff]
[    0.459588] pci_bus 0000:01: resource 2 [mem 0xc0000000-0xd1ffffff 64bit pref]
[    0.459589] pci_bus 0000:02: resource 0 [io  0xc000-0xcfff]
[    0.459591] pci_bus 0000:02: resource 1 [mem 0xde600000-0xdeffffff]
[    0.459592] pci_bus 0000:02: resource 2 [mem 0xd4200000-0xd4bfffff 64bit pref]
[    0.459593] pci_bus 0000:03: resource 0 [io  0xb000-0xbfff]
[    0.459594] pci_bus 0000:03: resource 1 [mem 0xddc00000-0xde5fffff]
[    0.459596] pci_bus 0000:03: resource 2 [mem 0xd3700000-0xd40fffff 64bit pref]
[    0.459597] pci_bus 0000:04: resource 0 [io  0xa000-0xafff]
[    0.459598] pci_bus 0000:04: resource 1 [mem 0xdd200000-0xddbfffff]
[    0.459600] pci_bus 0000:04: resource 2 [mem 0xd2c00000-0xd35fffff 64bit pref]
[    0.459601] pci_bus 0000:05: resource 0 [io  0x9000-0x9fff]
[    0.459602] pci_bus 0000:05: resource 1 [mem 0xdc800000-0xdd1fffff]
[    0.459603] pci_bus 0000:05: resource 2 [mem 0xd2100000-0xd2afffff 64bit pref]
[    0.459796] pci 0000:00:02.0: Video device with shadowed ROM at [mem 0x000c0000-0x000dffff]
[    0.587908] pci 0000:00:1a.0: quirk_usb_early_handoff+0x0/0x640 took 125096 usecs
[    0.715898] pci 0000:00:1d.0: quirk_usb_early_handoff+0x0/0x640 took 124966 usecs
[    0.715946] pci 0000:01:00.1: D0 power state depends on 0000:01:00.0
[    0.715952] pci 0000:01:00.1: CLS mismatch (64 != 1020), using 64 bytes
[    0.716919] Trying to unpack rootfs image as initramfs...
[    0.944894] Initramfs unpacking failed: Decoding failed
[    0.953451] Freeing initrd memory: 83604K
[    0.953496] PCI-DMA: Using software bounce buffering for IO (SWIOTLB)
[    0.953499] software IO TLB: mapped [mem 0x00000000a65aa000-0x00000000aa5aa000] (64MB)
[    0.953765] check: Scanning for low memory corruption every 60 seconds
[    0.954308] Initialise system trusted keyrings
[    0.954318] Key type blacklist registered
[    0.954358] workingset: timestamp_bits=36 max_order=22 bucket_order=0
[    0.955603] zbud: loaded
[    0.955915] squashfs: version 4.0 (2009/01/31) Phillip Lougher
[    0.956058] fuse: init (API version 7.32)
[    0.956217] integrity: Platform Keyring initialized
[    0.967570] Key type asymmetric registered
[    0.967572] Asymmetric key parser 'x509' registered
[    0.967580] Block layer SCSI generic (bsg) driver version 0.4 loaded (major 243)
[    0.967629] io scheduler mq-deadline registered
[    0.968605] shpchp: Standard Hot Plug PCI Controller Driver version: 0.4
[    0.968672] efifb: probing for efifb
[    0.968687] efifb: No BGRT, not showing boot graphics
[    0.968688] efifb: framebuffer at 0xb0000000, using 1876k, total 1875k
[    0.968689] efifb: mode is 800x600x32, linelength=3200, pages=1
[    0.968690] efifb: scrolling: redraw
[    0.968691] efifb: Truecolor: size=8:8:8:8, shift=24:16:8:0
[    0.968744] fbcon: Deferring console take-over
[    0.968745] fb0: EFI VGA frame buffer device
[    0.968754] intel_idle: MWAIT substates: 0x21120
[    0.968755] intel_idle: v0.5.1 model 0x2A
[    0.968940] intel_idle: Local APIC timer is reliable in all C-states
[    0.969091] ACPI: AC Adapter [AC0] (on-line)
[    0.969168] input: Lid Switch as /devices/LNXSYSTM:00/LNXSYBUS:00/PNP0C0D:00/input/input0
[    0.969188] ACPI: Lid Switch [LID]
[    0.969219] input: Sleep Button as /devices/LNXSYSTM:00/LNXSYBUS:00/PNP0C0E:00/input/input1
[    0.969237] ACPI: Sleep Button [SLPB]
[    0.969267] input: Power Button as /devices/LNXSYSTM:00/LNXPWRBN:00/input/input2
[    0.969389] ACPI: Power Button [PWRF]
[    0.970527] thermal LNXTHERM:00: registered as thermal_zone0
[    0.970529] ACPI: Thermal Zone [TZ00] (45 C)
[    0.970802] Serial: 8250/16550 driver, 32 ports, IRQ sharing enabled
[    0.971642] battery: ACPI: Battery Slot [BAT0] (battery present)
[    0.972991] Linux agpgart interface v0.103
[    0.975748] loop: module loaded
[    0.976133] libphy: Fixed MDIO Bus: probed
[    0.976134] tun: Universal TUN/TAP device driver, 1.6
[    0.976192] PPP generic driver version 2.4.2
[    0.976283] VFIO - User Level meta-driver version: 0.3
[    0.976399] ehci_hcd: USB 2.0 'Enhanced' Host Controller (EHCI) Driver
[    0.976403] ehci-pci: EHCI PCI platform driver
[    0.976592] ehci-pci 0000:00:1a.0: EHCI Host Controller
[    0.976601] ehci-pci 0000:00:1a.0: new USB bus registered, assigned bus number 1
[    0.976614] ehci-pci 0000:00:1a.0: debug port 2
[    0.980534] ehci-pci 0000:00:1a.0: cache line size of 64 is not supported
[    0.980551] ehci-pci 0000:00:1a.0: irq 16, io mem 0xdf008000
[    0.995834] ehci-pci 0000:00:1a.0: USB 2.0 started, EHCI 1.00
[    0.995929] usb usb1: New USB device found, idVendor=1d6b, idProduct=0002, bcdDevice= 5.10
[    0.995931] usb usb1: New USB device strings: Mfr=3, Product=2, SerialNumber=1
[    0.995933] usb usb1: Product: EHCI Host Controller
[    0.995934] usb usb1: Manufacturer: Linux 5.10.0-1011-oem ehci_hcd
[    0.995935] usb usb1: SerialNumber: 0000:00:1a.0
[    0.996190] hub 1-0:1.0: USB hub found
[    0.996200] hub 1-0:1.0: 2 ports detected
[    0.996514] ehci-pci 0000:00:1d.0: EHCI Host Controller
[    0.996519] ehci-pci 0000:00:1d.0: new USB bus registered, assigned bus number 2
[    0.996532] ehci-pci 0000:00:1d.0: debug port 2
[    1.000429] ehci-pci 0000:00:1d.0: cache line size of 64 is not supported
[    1.000443] ehci-pci 0000:00:1d.0: irq 23, io mem 0xdf007000
[    1.015811] ehci-pci 0000:00:1d.0: USB 2.0 started, EHCI 1.00
[    1.015929] usb usb2: New USB device found, idVendor=1d6b, idProduct=0002, bcdDevice= 5.10
[    1.015931] usb usb2: New USB device strings: Mfr=3, Product=2, SerialNumber=1
[    1.015932] usb usb2: Product: EHCI Host Controller
[    1.015934] usb usb2: Manufacturer: Linux 5.10.0-1011-oem ehci_hcd
[    1.015935] usb usb2: SerialNumber: 0000:00:1d.0
[    1.016150] hub 2-0:1.0: USB hub found
[    1.016159] hub 2-0:1.0: 2 ports detected
[    1.016304] ehci-platform: EHCI generic platform driver
[    1.016325] ohci_hcd: USB 1.1 'Open' Host Controller (OHCI) Driver
[    1.016330] ohci-pci: OHCI PCI platform driver
[    1.016341] ohci-platform: OHCI generic platform driver
[    1.016348] uhci_hcd: USB Universal Host Controller Interface driver
[    1.016401] i8042: PNP: PS/2 Controller [PNP0303:PS2K,PNP0f13:PS2M] at 0x60,0x64 irq 1,12
[    1.018257] i8042: Detected active multiplexing controller, rev 1.1
[    1.019127] serio: i8042 KBD port at 0x60,0x64 irq 1
[    1.019131] serio: i8042 AUX0 port at 0x60,0x64 irq 12
[    1.019160] serio: i8042 AUX1 port at 0x60,0x64 irq 12
[    1.019181] serio: i8042 AUX2 port at 0x60,0x64 irq 12
[    1.019201] serio: i8042 AUX3 port at 0x60,0x64 irq 12
[    1.019414] mousedev: PS/2 mouse device common for all mice
[    1.019582] rtc_cmos 00:01: RTC can wake from S4
[    1.019810] rtc_cmos 00:01: registered as rtc0
[    1.019841] rtc_cmos 00:01: setting system clock to 2022-12-07T01:57:23 UTC (1670378243)
[    1.019859] rtc_cmos 00:01: alarms up to one year, y3k, 242 bytes nvram, hpet irqs
[    1.019867] i2c /dev entries driver
[    1.019912] device-mapper: uevent: version 1.0.3
[    1.019974] device-mapper: ioctl: 4.43.0-ioctl (2020-10-01) initialised: dm-devel@redhat.com
[    1.019995] platform eisa.0: Probing EISA bus 0
[    1.019997] platform eisa.0: EISA: Cannot allocate resource for mainboard
[    1.019998] platform eisa.0: Cannot allocate resource for EISA slot 1
[    1.020000] platform eisa.0: Cannot allocate resource for EISA slot 2
[    1.020001] platform eisa.0: Cannot allocate resource for EISA slot 3
[    1.020002] platform eisa.0: Cannot allocate resource for EISA slot 4
[    1.020003] platform eisa.0: Cannot allocate resource for EISA slot 5
[    1.020004] platform eisa.0: Cannot allocate resource for EISA slot 6
[    1.020006] platform eisa.0: Cannot allocate resource for EISA slot 7
[    1.020007] platform eisa.0: Cannot allocate resource for EISA slot 8
[    1.020008] platform eisa.0: EISA: Detected 0 cards
[    1.020012] intel_pstate: Intel P-state driver initializing
[    1.020477] ledtrig-cpu: registered to indicate activity on CPUs
[    1.020488] EFI Variables Facility v0.08 2004-May-17
[    1.056411] input: AT Translated Set 2 keyboard as /devices/platform/i8042/serio0/input/input3
[    1.065330] drop_monitor: Initializing network drop monitor service
[    1.065599] NET: Registered protocol family 10
[    1.072658] Segment Routing with IPv6
[    1.072695] NET: Registered protocol family 17
[    1.072742] Key type dns_resolver registered
[    1.073114] microcode: sig=0x206a7, pf=0x10, revision=0x1b
[    1.073221] microcode: Microcode Update Driver: v2.2.
[    1.073233] IPI shorthand broadcast: enabled
[    1.073249] sched_clock: Marking stable (1072966263, 249926)->(1094205986, -20989797)
[    1.073430] registered taskstats version 1
[    1.073449] Loading compiled-in X.509 certificates
[    1.074340] Loaded X.509 cert 'Build time autogenerated kernel key: d7e99b7b2d8fb76dd4bf75ae1e08400534a913c9'
[    1.074367] zswap: loaded using pool lzo/zbud
[    1.074508] Key type ._fscrypt registered
[    1.074510] Key type .fscrypt registered
[    1.074510] Key type fscrypt-provisioning registered
[    1.077669] Key type encrypted registered
[    1.077674] AppArmor: AppArmor sha1 policy hashing enabled
[    1.095217] integrity: Loading X.509 certificate: UEFI:MokListRT
[    1.095258] integrity: Loaded X.509 cert 'SomeOrg: shim: a01ee84e9b37ace407961cc468c5909447878469'
[    1.095260] integrity: Loading X.509 certificate: UEFI:MokListRT
[    1.095612] integrity: Loaded X.509 cert 'Canonical Ltd. Master Certificate Authority: ad91990bc22ab1f517048c23b6655a268e345a63'
[    1.095616] ima: No TPM chip found, activating TPM-bypass!
[    1.095619] ima: Allocated hash algorithm: sha1
[    1.095626] ima: No architecture policies found
[    1.095636] evm: Initialising EVM extended attributes:
[    1.095637] evm: security.selinux
[    1.095637] evm: security.SMACK64
[    1.095638] evm: security.SMACK64EXEC
[    1.095639] evm: security.SMACK64TRANSMUTE
[    1.095639] evm: security.SMACK64MMAP
[    1.095640] evm: security.apparmor
[    1.095641] evm: security.ima
[    1.095641] evm: security.capability
[    1.095642] evm: HMAC attrs: 0x1
[    1.096056] PM:   Magic number: 2:109:963
[    1.096118] memory memory14: hash matches
[    1.096354] RAS: Correctable Errors collector initialized.
[    1.097590] Freeing unused decrypted memory: 2036K
[    1.097894] Freeing unused kernel image (initmem) memory: 2668K
[    1.139829] Write protecting the kernel read-only data: 22528k
[    1.140358] Freeing unused kernel image (text/rodata gap) memory: 2036K
[    1.140527] Freeing unused kernel image (rodata/data gap) memory: 784K
[    1.191350] x86/mm: Checked W+X mappings: passed, no W+X pages found.
[    1.191352] x86/mm: Checking user space page tables
[    1.241236] x86/mm: Checked W+X mappings: passed, no W+X pages found.
[    1.241243] Run /init as init process
[    1.241244]   with arguments:
[    1.241245]     /init
[    1.241246]     splash
[    1.241246]   with environment:
[    1.241247]     HOME=/
[    1.241248]     TERM=linux
[    1.241249]     BOOT_IMAGE=/boot/vmlinuz-5.10.0-1011-oem
[    1.359769] usb 1-1: new high-speed USB device number 2 using ehci-pci
[    1.371771] usb 2-1: new high-speed USB device number 2 using ehci-pci
[    1.374836] r8169 0000:05:00.0: can't disable ASPM; OS doesn't have ASPM control
[    1.375123] ACPI Warning: SystemIO range 0x0000000000000428-0x000000000000042F conflicts with OpRegion 0x0000000000000400-0x000000000000047F (\PMIO) (20200925/utaddress-204)
[    1.375135] ACPI: If an ACPI driver is available for this device, you should use it instead of the native driver
[    1.375511] ACPI Warning: SystemIO range 0x0000000000000540-0x000000000000054F conflicts with OpRegion 0x0000000000000500-0x0000000000000549 (\SBGP) (20200925/utaddress-204)
[    1.375518] ACPI Warning: SystemIO range 0x0000000000000540-0x000000000000054F conflicts with OpRegion 0x0000000000000500-0x0000000000000563 (\GPIO) (20200925/utaddress-204)
[    1.375526] ACPI: If an ACPI driver is available for this device, you should use it instead of the native driver
[    1.375567] ACPI Warning: SystemIO range 0x0000000000000530-0x000000000000053F conflicts with OpRegion 0x0000000000000500-0x0000000000000549 (\SBGP) (20200925/utaddress-204)
[    1.375573] ACPI Warning: SystemIO range 0x0000000000000530-0x000000000000053F conflicts with OpRegion 0x0000000000000500-0x0000000000000563 (\GPIO) (20200925/utaddress-204)
[    1.375580] ACPI: If an ACPI driver is available for this device, you should use it instead of the native driver
[    1.375596] ACPI Warning: SystemIO range 0x0000000000000500-0x000000000000052F conflicts with OpRegion 0x0000000000000500-0x0000000000000549 (\SBGP) (20200925/utaddress-204)
[    1.375601] ACPI Warning: SystemIO range 0x0000000000000500-0x000000000000052F conflicts with OpRegion 0x0000000000000500-0x0000000000000563 (\GPIO) (20200925/utaddress-204)
[    1.375609] ACPI: If an ACPI driver is available for this device, you should use it instead of the native driver
[    1.375610] lpc_ich: Resource conflict(s) found affecting gpio_ich
[    1.375672] xhci_hcd 0000:04:00.0: xHCI Host Controller
[    1.375680] xhci_hcd 0000:04:00.0: new USB bus registered, assigned bus number 3
[    1.380247] i801_smbus 0000:00:1f.3: SMBus using PCI interrupt
[    1.380544] i2c i2c-0: 2/4 memory slots populated (from DMI)
[    1.380909] i2c i2c-0: Successfully instantiated SPD at 0x50
[    1.381139] xhci_hcd 0000:04:00.0: hcc params 0x0200f180 hci version 0x96 quirks 0x0000000000080000
[    1.381385] i2c i2c-0: Successfully instantiated SPD at 0x52
[    1.381918] usb usb3: New USB device found, idVendor=1d6b, idProduct=0002, bcdDevice= 5.10
[    1.381921] usb usb3: New USB device strings: Mfr=3, Product=2, SerialNumber=1
[    1.381923] usb usb3: Product: xHCI Host Controller
[    1.381925] usb usb3: Manufacturer: Linux 5.10.0-1011-oem xhci-hcd
[    1.381926] usb usb3: SerialNumber: 0000:04:00.0
[    1.382055] hub 3-0:1.0: USB hub found
[    1.382067] hub 3-0:1.0: 2 ports detected
[    1.382248] xhci_hcd 0000:04:00.0: xHCI Host Controller
[    1.382255] xhci_hcd 0000:04:00.0: new USB bus registered, assigned bus number 4
[    1.382259] xhci_hcd 0000:04:00.0: Host supports USB 3.0 SuperSpeed
[    1.382297] usb usb4: We don't know the algorithms for LPM for this host, disabling LPM.
[    1.382345] usb usb4: New USB device found, idVendor=1d6b, idProduct=0003, bcdDevice= 5.10
[    1.382347] usb usb4: New USB device strings: Mfr=3, Product=2, SerialNumber=1
[    1.382348] usb usb4: Product: xHCI Host Controller
[    1.382350] usb usb4: Manufacturer: Linux 5.10.0-1011-oem xhci-hcd
[    1.382352] usb usb4: SerialNumber: 0000:04:00.0
[    1.382502] ahci 0000:00:1f.2: version 3.0
[    1.382599] hub 4-0:1.0: USB hub found
[    1.382613] hub 4-0:1.0: 2 ports detected
[    1.382778] ahci 0000:00:1f.2: AHCI 0001.0300 32 slots 6 ports 6 Gbps 0x3 impl SATA mode
[    1.382782] ahci 0000:00:1f.2: flags: 64bit ncq sntf pm led clo pio slum part ems apst 
[    1.385738] libphy: r8169: probed
[    1.386311] r8169 0000:05:00.0 eth0: RTL8168e/8111e, 10:bf:48:1c:90:16, XID 2c2, IRQ 29
[    1.386314] r8169 0000:05:00.0 eth0: jumbo features [frames: 9194 bytes, tx checksumming: ko]
[    1.387941] cryptd: max_cpu_qlen set to 1000
[    1.395820] scsi host0: ahci
[    1.398658] r8169 0000:05:00.0 enp5s0: renamed from eth0
[    1.398923] scsi host1: ahci
[    1.399072] scsi host2: ahci
[    1.399184] scsi host3: ahci
[    1.399318] scsi host4: ahci
[    1.399446] scsi host5: ahci
[    1.399491] ata1: SATA max UDMA/133 abar m2048@0xdf006000 port 0xdf006100 irq 35
[    1.399494] ata2: SATA max UDMA/133 abar m2048@0xdf006000 port 0xdf006180 irq 35
[    1.399495] ata3: DUMMY
[    1.399496] ata4: DUMMY
[    1.399497] ata5: DUMMY
[    1.399497] ata6: DUMMY
[    1.451501] MXM: GUID detected in BIOS
[    1.451565] ACPI Warning: \_SB.PCI0.GFX0._DSM: Argument #4 type mismatch - Found [Buffer], ACPI requires [Package] (20200925/nsarguments-61)
[    1.451817] pci 0000:00:02.0: optimus capabilities: enabled, status dynamic power, 
[    1.451877] ACPI Warning: \_SB.PCI0.PEGR.GFX0._DSM: Argument #4 type mismatch - Found [Buffer], ACPI requires [Package] (20200925/nsarguments-61)
[    1.452187] pci 0000:01:00.0: optimus capabilities: enabled, status dynamic power, 
[    1.452193] VGA switcheroo: detected Optimus DSM method \_SB_.PCI0.PEGR.GFX0 handle
[    1.452220] nouveau 0000:01:00.0: enabling device (0000 -> 0003)
[    1.452387] checking generic (b0000000 1d5000) vs hw (db000000 1000000)
[    1.452389] checking generic (b0000000 1d5000) vs hw (c0000000 10000000)
[    1.452389] checking generic (b0000000 1d5000) vs hw (d0000000 2000000)
[    1.452447] nouveau 0000:01:00.0: NVIDIA GF108 (0c1480a1)
[    1.457625] checking generic (b0000000 1d5000) vs hw (dc400000 400000)
[    1.457627] checking generic (b0000000 1d5000) vs hw (b0000000 10000000)
[    1.457628] fb0: switching to inteldrmfb from EFI VGA
[    1.457752] i915 0000:00:02.0: vgaarb: deactivate vga console
[    1.473910] usb 1-1: New USB device found, idVendor=8087, idProduct=0024, bcdDevice= 0.00
[    1.473912] usb 1-1: New USB device strings: Mfr=0, Product=0, SerialNumber=0
[    1.474116] hub 1-1:1.0: USB hub found
[    1.474192] hub 1-1:1.0: 6 ports detected
[    1.476448] nouveau 0000:01:00.0: bios: version 70.08.92.00.ff
[    1.511082] i915 0000:00:02.0: vgaarb: changed VGA decodes: olddecodes=io+mem,decodes=none:owns=io+mem
[    1.532100] usb 2-1: New USB device found, idVendor=8087, idProduct=0024, bcdDevice= 0.00
[    1.532103] usb 2-1: New USB device strings: Mfr=0, Product=0, SerialNumber=0
[    1.532361] hub 2-1:1.0: USB hub found
[    1.532440] hub 2-1:1.0: 6 ports detected
[    1.592302] nouveau 0000:01:00.0: fb: 2048 MiB DDR3
[    1.594809] [drm] Initialized i915 1.6.0 20200917 for 0000:00:02.0 on minor 0
[    1.595094] ACPI: Video Device [GFX0] (multi-head: yes  rom: yes  post: no)
[    1.597153] acpi device:50: registered as cooling_device4
[    1.597248] input: Video Bus as /devices/LNXSYSTM:00/LNXSYBUS:00/PNP0A08:00/device:4c/LNXVIDEO:00/input/input12
[    1.598435] ACPI: Video Device [GFX0] (multi-head: yes  rom: no  post: no)
[    1.600467] acpi device:52: registered as cooling_device5
[    1.600561] input: Video Bus as /devices/LNXSYSTM:00/LNXSYBUS:00/PNP0A08:00/LNXVIDEO:01/input/input13
[    1.638040] fbcon: i915drmfb (fb0) is primary device
[    1.638042] fbcon: Deferring console take-over
[    1.638046] i915 0000:00:02.0: [drm] fb0: i915drmfb frame buffer device
[    1.652383] vga_switcheroo: enabled
[    1.652733] [TTM] Zone  kernel: Available graphics memory: 6086224 KiB
[    1.652738] [TTM] Zone   dma32: Available graphics memory: 2097152 KiB
[    1.652741] [TTM] Initializing pool allocator
[    1.652751] [TTM] Initializing DMA pool allocator
[    1.652788] nouveau 0000:01:00.0: DRM: VRAM: 2048 MiB
[    1.652791] nouveau 0000:01:00.0: DRM: GART: 1048576 MiB
[    1.652798] nouveau 0000:01:00.0: DRM: TMDS table version 2.0
[    1.652802] nouveau 0000:01:00.0: DRM: DCB version 4.0
[    1.652807] nouveau 0000:01:00.0: DRM: DCB outp 00: 02000300 00000000
[    1.652811] nouveau 0000:01:00.0: DRM: DCB conn 00: 00000000
[    1.653936] nouveau 0000:01:00.0: DRM: MM: using COPY0 for buffer copies
[    1.691437] nouveau 0000:01:00.0: DRM: allocated 1024x768 fb: 0x60000, bo (____ptrval____)
[    1.691522] fbcon: Deferring console take-over
[    1.691524] nouveau 0000:01:00.0: [drm] fb1: nouveaudrmfb frame buffer device
[    1.691635] [drm] Initialized nouveau 1.3.1 20120801 for 0000:01:00.0 on minor 1
[    1.714086] ata1: SATA link up 6.0 Gbps (SStatus 133 SControl 300)
[    1.717821] ata1.00: ACPI cmd ef/90:06:00:00:00:00 (SET FEATURES) succeeded
[    1.717833] ata1.00: ACPI cmd f5/00:00:00:00:00:00 (SECURITY FREEZE LOCK) filtered out
[    1.717838] ata1.00: ACPI cmd b1/c1:00:00:00:00:00 (DEVICE CONFIGURATION OVERLAY) filtered out
[    1.718165] ata2: SATA link up 3.0 Gbps (SStatus 123 SControl 300)
[    1.719545] ata2.00: ATA-8: Hitachi HTS547564A9E384, JEDOA60A, max UDMA/133
[    1.719553] ata2.00: 1250263728 sectors, multi 16: LBA48 NCQ (depth 32), AA
[    1.721019] ata2.00: configured for UDMA/133
[    1.723774] usb 3-1: new low-speed USB device number 2 using xhci_hcd
[    1.724424] ata1.00: ATA-9: V-GEN07SM20AR128SDK 128GB, S0413A0, max UDMA/133
[    1.724431] ata1.00: 250069680 sectors, multi 1: LBA48 NCQ (depth 32), AA
[    1.731373] ata1.00: ACPI cmd ef/90:06:00:00:00:00 (SET FEATURES) succeeded
[    1.731384] ata1.00: ACPI cmd f5/00:00:00:00:00:00 (SECURITY FREEZE LOCK) filtered out
[    1.731389] ata1.00: ACPI cmd b1/c1:00:00:00:00:00 (DEVICE CONFIGURATION OVERLAY) filtered out
[    1.738166] ata1.00: configured for UDMA/133
[    1.748770] scsi 0:0:0:0: Direct-Access     ATA      V-GEN07SM20AR128 3A0  PQ: 0 ANSI: 5
[    1.749296] sd 0:0:0:0: Attached scsi generic sg0 type 0
[    1.749434] sd 0:0:0:0: [sda] 250069680 512-byte logical blocks: (128 GB/119 GiB)
[    1.749455] sd 0:0:0:0: [sda] Write Protect is off
[    1.749459] sd 0:0:0:0: [sda] Mode Sense: 00 3a 00 00
[    1.749491] sd 0:0:0:0: [sda] Write cache: enabled, read cache: enabled, doesn't support DPO or FUA
[    1.749543] scsi 1:0:0:0: Direct-Access     ATA      Hitachi HTS54756 A60A PQ: 0 ANSI: 5
[    1.749858] sd 1:0:0:0: Attached scsi generic sg1 type 0
[    1.749940] sd 1:0:0:0: [sdb] 1250263728 512-byte logical blocks: (640 GB/596 GiB)
[    1.749945] sd 1:0:0:0: [sdb] 4096-byte physical blocks
[    1.749985] sd 1:0:0:0: [sdb] Write Protect is off
[    1.749988] sd 1:0:0:0: [sdb] Mode Sense: 00 3a 00 00
[    1.750032] sd 1:0:0:0: [sdb] Write cache: enabled, read cache: enabled, doesn't support DPO or FUA
[    1.762406] random: fast init done
[    1.763741] usb 1-1.1: new full-speed USB device number 3 using ehci-pci
[    1.767966] tsc: Refined TSC clocksource calibration: 2494.337 MHz
[    1.767975] clocksource: tsc: mask: 0xffffffffffffffff max_cycles: 0x23f4544ecb4, max_idle_ns: 440795257849 ns
[    1.767993] clocksource: Switched to clocksource tsc
[    1.769630]  sda: sda1 sda2 sda3
[    1.770032] sd 0:0:0:0: [sda] Attached SCSI disk
[    1.806846]  sdb: sdb1 sdb2 sdb3
[    1.807772] sd 1:0:0:0: [sdb] Attached SCSI disk
[    1.823717] usb 2-1.1: new high-speed USB device number 3 using ehci-pci
[    1.876019] usb 3-1: New USB device found, idVendor=0461, idProduct=4d0f, bcdDevice= 1.00
[    1.876027] usb 3-1: New USB device strings: Mfr=1, Product=2, SerialNumber=0
[    1.876032] usb 3-1: Product: USB Optical Mouse
[    1.876035] usb 3-1: Manufacturer: PixArt
[    1.876871] usb 1-1.1: New USB device found, idVendor=13d3, idProduct=3304, bcdDevice= 0.01
[    1.876880] usb 1-1.1: New USB device strings: Mfr=0, Product=0, SerialNumber=0
[    1.890014] hid: raw HID events driver (C) Jiri Kosina
[    1.896448] usbcore: registered new interface driver usbhid
[    1.896453] usbhid: USB HID core driver
[    1.898828] input: PixArt USB Optical Mouse as /devices/pci0000:00/0000:00:1c.3/0000:04:00.0/usb3/3-1/3-1:1.0/0003:0461:4D0F.0001/input/input14
[    1.898918] hid-generic 0003:0461:4D0F.0001: input,hidraw0: USB HID v1.11 Mouse [PixArt USB Optical Mouse] on usb-0000:04:00.0-1/input0
[    1.937429] usb 2-1.1: New USB device found, idVendor=0781, idProduct=5590, bcdDevice= 1.00
[    1.937432] usb 2-1.1: New USB device strings: Mfr=1, Product=2, SerialNumber=3
[    1.937433] usb 2-1.1: Product: Ultra
[    1.937434] usb 2-1.1: Manufacturer: SanDisk
[    1.937435] usb 2-1.1: SerialNumber: 4C530001271220113300
[    1.943209] usb-storage 2-1.1:1.0: USB Mass Storage device detected
[    1.943477] scsi host6: usb-storage 2-1.1:1.0
[    1.943558] usbcore: registered new interface driver usb-storage
[    1.944875] usbcore: registered new interface driver uas
[    1.955722] usb 1-1.2: new high-speed USB device number 4 using ehci-pci
[    2.127074] usb 1-1.2: New USB device found, idVendor=13d3, idProduct=5710, bcdDevice=11.30
[    2.127083] usb 1-1.2: New USB device strings: Mfr=3, Product=1, SerialNumber=2
[    2.127088] usb 1-1.2: Product: USB 2.0 UVC VGA WebCam
[    2.127092] usb 1-1.2: Manufacturer: Azurewave
[    2.127095] usb 1-1.2: SerialNumber: 0x0001
[    2.135682] psmouse serio4: synaptics: queried max coordinates: x [..5762], y [..4902]
[    2.151860] usb 2-1-port3: over-current condition
[    2.186882] psmouse serio4: synaptics: Touchpad model: 1, fw: 7.5, id: 0x1e0b1, caps: 0xd00073/0x240000/0xa0400/0x0, board id: 1704, fw id: 705499
[    2.207791] usb 1-1.4: new high-speed USB device number 5 using ehci-pci
[    2.219620] input: SynPS/2 Synaptics TouchPad as /devices/platform/i8042/serio4/input/input11
[    2.321510] usb 1-1.4: New USB device found, idVendor=0bda, idProduct=0139, bcdDevice=39.60
[    2.321520] usb 1-1.4: New USB device strings: Mfr=1, Product=2, SerialNumber=3
[    2.321524] usb 1-1.4: Product: USB2.0-CRW
[    2.321528] usb 1-1.4: Manufacturer: Generic
[    2.321532] usb 1-1.4: SerialNumber: 20100201396000000
[    2.333110] usbcore: registered new interface driver rtsx_usb
[    2.368068] usb 2-1-port4: over-current condition
[    2.957227] scsi 6:0:0:0: Direct-Access     SanDisk  Ultra            1.00 PQ: 0 ANSI: 6
[    2.957473] sd 6:0:0:0: Attached scsi generic sg2 type 0
[    2.958204] sd 6:0:0:0: [sdc] 60062500 512-byte logical blocks: (30.8 GB/28.6 GiB)
[    2.959802] sd 6:0:0:0: [sdc] Write Protect is off
[    2.959804] sd 6:0:0:0: [sdc] Mode Sense: 43 00 00 00
[    2.960799] sd 6:0:0:0: [sdc] Write cache: disabled, read cache: enabled, doesn't support DPO or FUA
[    2.987702] raid6: sse2x4   gen() 12766 MB/s
[    3.055700] raid6: sse2x4   xor()  7569 MB/s
[    3.123701] raid6: sse2x2   gen() 14667 MB/s
[    3.191701] raid6: sse2x2   xor()  7898 MB/s
[    3.259700] raid6: sse2x1   gen() 11284 MB/s
[    3.327700] raid6: sse2x1   xor()  6884 MB/s
[    3.327701] raid6: using algorithm sse2x2 gen() 14667 MB/s
[    3.327702] raid6: .... xor() 7898 MB/s, rmw enabled
[    3.327703] raid6: using ssse3x2 recovery algorithm
[    3.328889] xor: automatically using best checksumming function   avx       
[    3.347939]  sdc: sdc4
[    3.352052] sd 6:0:0:0: [sdc] Attached SCSI removable disk
[    3.356653] Btrfs loaded, crc32c=crc32c-intel
[    3.917908] EXT4-fs (sda3): mounted filesystem with ordered data mode. Opts: (null)
[    4.122632] systemd[1]: Inserted module 'autofs4'
[    4.301600] systemd[1]: systemd 245.4-4ubuntu3.7 running in system mode. (+PAM +AUDIT +SELINUX +IMA +APPARMOR +SMACK +SYSVINIT +UTMP +LIBCRYPTSETUP +GCRYPT +GNUTLS +ACL +XZ +LZ4 +SECCOMP +BLKID +ELFUTILS +KMOD +IDN2 -IDN +PCRE2 default-hierarchy=hybrid)
[    4.319999] systemd[1]: Detected architecture x86-64.
[    4.352837] systemd[1]: Set hostname to <ody-k53sm>.
[    4.415559] random: lvmconfig: uninitialized urandom read (4 bytes read)
[    4.511850] systemd[1]: Created slice system-modprobe.slice.
[    4.512109] systemd[1]: Created slice system-systemd\x2dfsck.slice.
[    4.512333] systemd[1]: Created slice User and Session Slice.
[    4.512397] systemd[1]: Started Forward Password Requests to Wall Directory Watch.
[    4.512584] systemd[1]: Set up automount Arbitrary Executable File Formats File System Automount Point.
[    4.512626] systemd[1]: Reached target User and Group Name Lookups.
[    4.512641] systemd[1]: Reached target Remote File Systems.
[    4.512652] systemd[1]: Reached target Slices.
[    4.512668] systemd[1]: Reached target Swap.
[    4.512681] systemd[1]: Reached target System Time Set.
[    4.512691] systemd[1]: Reached target System Time Synchronized.
[    4.512777] systemd[1]: Listening on Device-mapper event daemon FIFOs.
[    4.512884] systemd[1]: Listening on LVM2 poll daemon socket.
[    4.512962] systemd[1]: Listening on Syslog Socket.
[    4.513039] systemd[1]: Listening on fsck to fsckd communication Socket.
[    4.513086] systemd[1]: Listening on initctl Compatibility Named Pipe.
[    4.513251] systemd[1]: Listening on Journal Audit Socket.
[    4.513325] systemd[1]: Listening on Journal Socket (/dev/log).
[    4.513424] systemd[1]: Listening on Journal Socket.
[    4.513513] systemd[1]: Listening on udev Control Socket.
[    4.513582] systemd[1]: Listening on udev Kernel Socket.
[    4.514474] systemd[1]: Mounting Huge Pages File System...
[    4.515405] systemd[1]: Mounting POSIX Message Queue File System...
[    4.516701] systemd[1]: Mounting Kernel Debug File System...
[    4.518077] systemd[1]: Mounting Kernel Trace File System...
[    4.519851] systemd[1]: Starting Journal Service...
[    4.521251] systemd[1]: Starting Availability of block devices...
[    4.522862] systemd[1]: Starting Set the console keyboard layout...
[    4.524457] systemd[1]: Starting Create list of static device nodes for the current kernel...
[    4.525738] systemd[1]: Starting Monitoring of LVM2 mirrors, snapshots etc. using dmeventd or progress polling...
[    4.525806] systemd[1]: Condition check resulted in Load Kernel Module drm being skipped.
[    4.527752] systemd[1]: Condition check resulted in Set Up Additional Binary Formats being skipped.
[    4.527809] systemd[1]: Condition check resulted in File System Check on Root Device being skipped.
[    4.529770] systemd[1]: Starting Load Kernel Modules...
[    4.530818] random: lvm: uninitialized urandom read (4 bytes read)
[    4.531277] systemd[1]: Starting Remount Root and Kernel File Systems...
[    4.532844] systemd[1]: Starting udev Coldplug all Devices...
[    4.534308] systemd[1]: Starting Uncomplicated firewall...
[    4.537144] systemd[1]: Mounted Huge Pages File System.
[    4.538557] systemd[1]: Mounted POSIX Message Queue File System.
[    4.539413] systemd[1]: Mounted Kernel Debug File System.
[    4.539640] systemd[1]: Mounted Kernel Trace File System.
[    4.540411] systemd[1]: Finished Availability of block devices.
[    4.541225] systemd[1]: Finished Create list of static device nodes for the current kernel.
[    4.541958] systemd[1]: Finished Uncomplicated firewall.
[    4.542232] EXT4-fs (sda3): re-mounted. Opts: discard
[    4.552907] systemd[1]: Finished Remount Root and Kernel File Systems.
[    4.554668] systemd[1]: Condition check resulted in Rebuild Hardware Database being skipped.
[    4.554749] systemd[1]: Condition check resulted in Platform Persistent Storage Archival being skipped.
[    4.556232] systemd[1]: Starting Load/Save Random Seed...
[    4.559324] systemd[1]: Starting Create System Users...
[    4.568186] systemd[1]: Finished Load/Save Random Seed.
[    4.571085] lp: driver loaded but no devices found
[    4.578319] systemd[1]: Finished Create System Users.
[    4.580045] systemd[1]: Starting Create Static Device Nodes in /dev...
[    4.580681] ppdev: user-space parallel port driver
[    4.611029] systemd[1]: Finished Create Static Device Nodes in /dev.
[    4.612567] systemd[1]: Starting udev Kernel Device Manager...
[    4.645564] systemd[1]: Finished Set the console keyboard layout.
[    4.672560] mc: Linux media interface: v0.10
[    4.673908] systemd[1]: Started Journal Service.
[    4.681754] systemd-journald[326]: Received client request to flush runtime journal.
[    4.683879] videodev: Linux video capture interface: v2.00
[    4.686940] v4l2loopback_dc: loading out-of-tree module taints kernel.
[    4.686984] v4l2loopback_dc: module verification failed: signature and/or required key missing - tainting kernel
[    4.687233] v4l2loopback driver version 0.6.3 (droidcam) loaded
[    5.156769] cfg80211: Loading compiled-in X.509 certificates for regulatory database
[    5.157112] cfg80211: Loaded X.509 cert 'sforshee: 00b28ddf47aef9cea7'
[    5.160253] at24 0-0050: supply vcc not found, using dummy regulator
[    5.162996] at24 0-0050: 256 byte spd EEPROM, read-only
[    5.163051] at24 0-0052: supply vcc not found, using dummy regulator
[    5.163629] at24 0-0052: 256 byte spd EEPROM, read-only
[    5.229308] asus_wmi: ASUS WMI generic driver loaded
[    5.274186] random: crng init done
[    5.282743] pstore: Using crash dump compression: deflate
[    5.282754] pstore: Registered efi as persistent store backend
[    5.289599] asus_wmi: Initialization: 0x1
[    5.292024] asus_wmi: SFUN value: 0x1a0af7
[    5.292029] asus-nb-wmi asus-nb-wmi: Detected ATK, not ASUSWMI, use DSTS
[    5.292032] asus-nb-wmi asus-nb-wmi: Detected ATK, enable event queue
[    5.293815] input: Asus WMI hotkeys as /devices/platform/asus-nb-wmi/input/input15
[    5.308148] Bluetooth: Core ver 2.22
[    5.308171] NET: Registered protocol family 31
[    5.308173] Bluetooth: HCI device and connection manager initialized
[    5.308178] Bluetooth: HCI socket layer initialized
[    5.308181] Bluetooth: L2CAP socket layer initialized
[    5.308187] Bluetooth: SCO socket layer initialized
[    5.326094] RAPL PMU: API unit is 2^-32 Joules, 3 fixed counters, 163840 ms ovfl timer
[    5.326097] RAPL PMU: hw unit of domain pp0-core 2^-16 Joules
[    5.326098] RAPL PMU: hw unit of domain package 2^-16 Joules
[    5.326099] RAPL PMU: hw unit of domain pp1-gpu 2^-16 Joules
[    5.329512] usbcore: registered new interface driver btusb
[    5.347330] snd_hda_intel 0000:00:1b.0: bound 0000:00:02.0 (ops i915_audio_component_bind_ops [i915])
[    5.348478] uvcvideo: Found UVC 1.00 device USB 2.0 UVC VGA WebCam (13d3:5710)
[    5.348538] snd_hda_intel 0000:01:00.1: can't change power state from D3cold to D0 (config space inaccessible)
[    5.348556] snd_hda_intel 0000:01:00.1: can't change power state from D3hot to D0 (config space inaccessible)
[    5.348646] snd_hda_intel 0000:01:00.1: Disabling MSI
[    5.348655] snd_hda_intel 0000:01:00.1: Handle vga_switcheroo audio client
[    5.348690] snd_hda_intel 0000:01:00.1: number of I/O streams is 30, forcing separate stream tags
[    5.366937] ------------[ cut here ]------------
[    5.366948] WARNING: CPU: 3 PID: 399 at drivers/media/mc/mc-entity.c:669 media_create_pad_link+0x184/0x1b0 [mc]
[    5.366949] Modules linked in: ath3k(+) kvm(+) snd_hda_intel ath btusb rapl intel_cstate snd_intel_dspcfg btrtl soundwire_intel uvcvideo(+) btbcm soundwire_generic_allocation soundwire_cadence btintel rtsx_usb_ms videobuf2_vmalloc memstick joydev videobuf2_memops asus_nb_wmi videobuf2_v4l2 asus_wmi bluetooth input_leds snd_hda_codec videobuf2_common sparse_keymap mac80211 efi_pstore serio_raw snd_hda_core at24 snd_hwdep ecdh_generic soundwire_bus ecc cfg80211 snd_soc_core mei_me snd_compress ac97_bus libarc4 snd_pcm_dmaengine mei mac_hid sch_fq_codel vmwgfx msr v4l2loopback_dc(OE) videodev mc snd_aloop snd_pcm snd_seq_midi snd_seq_midi_event snd_rawmidi snd_seq snd_seq_device snd_timer snd soundcore parport_pc ppdev lp parport ip_tables x_tables autofs4 btrfs blake2b_generic xor raid6_pq libcrc32c rtsx_usb_sdmmc rtsx_usb uas usb_storage hid_generic usbhid hid i915 nouveau crct10dif_pclmul ttm crc32_pclmul i2c_algo_bit mxm_wmi ghash_clmulni_intel drm_kms_helper cryptd syscopyarea ahci
[    5.367033]  sysfillrect psmouse libahci sysimgblt fb_sys_fops cec r8169 lpc_ich rc_core i2c_i801 i2c_smbus realtek xhci_pci xhci_pci_renesas drm wmi video
[    5.367052] CPU: 3 PID: 399 Comm: systemd-udevd Tainted: G           OE     5.10.0-1011-oem #12-Ubuntu
[    5.367053] Hardware name: ASUSTeK Computer Inc. K53SM/K53SM, BIOS K53SM.211 03/06/2012
[    5.367058] RIP: 0010:media_create_pad_link+0x184/0x1b0 [mc]
[    5.367061] Code: 5d c3 0f 0b 48 83 c4 08 b8 ea ff ff ff 5b 41 5c 41 5d 41 5e 41 5f 5d c3 0f 0b b8 ea ff ff ff eb d2 0f 0b b8 ea ff ff ff eb c9 <0f> 0b b8 ea ff ff ff eb c0 0f 0b b8 ea ff ff ff eb b7 b8 f4 ff ff
[    5.367063] RSP: 0018:ffffb4004088f970 EFLAGS: 00010246
[    5.367066] RAX: 0000000000000000 RBX: ffff98fd0c064470 RCX: 0000000000000000
[    5.367067] RDX: ffff98fd0c064e08 RSI: 0000000000000000 RDI: ffff98fd0c068018
[    5.367069] RBP: ffffb4004088f9a0 R08: 0000000000000003 R09: ffff98fd0cb2e7e0
[    5.367070] R10: 0000000000000000 R11: 0000000000000020 R12: ffff98fd0c068018
[    5.367071] R13: 0000000000000000 R14: 0000000000000000 R15: ffff98fd0c064400
[    5.367074] FS:  00007f0d3fd90880(0000) GS:ffff98ff438c0000(0000) knlGS:0000000000000000
[    5.367075] CS:  0010 DS: 0000 ES: 0000 CR0: 0000000080050033
[    5.367077] CR2: 000055f9ad455158 CR3: 00000001091f4005 CR4: 00000000000606e0
[    5.367078] Call Trace:
[    5.367091]  uvc_mc_register_entities+0x1eb/0x284 [uvcvideo]
[    5.367099]  uvc_probe.cold+0x1b2/0x2a3 [uvcvideo]
[    5.367106]  usb_probe_interface+0xed/0x290
[    5.367109]  ? usb_probe_interface+0xed/0x290
[    5.367113]  really_probe+0x332/0x440
[    5.367116]  driver_probe_device+0xe9/0x160
[    5.367119]  device_driver_attach+0x5d/0x70
[    5.367121]  __driver_attach+0x8f/0x150
[    5.367123]  ? device_driver_attach+0x70/0x70
[    5.367126]  bus_for_each_dev+0x7e/0xc0
[    5.367128]  driver_attach+0x1e/0x20
[    5.367130]  bus_add_driver+0x152/0x1f0
[    5.367133]  driver_register+0x74/0xd0
[    5.367136]  usb_register_driver+0x89/0x130
[    5.367138]  ? 0xffffffffc0e0e000
[    5.367144]  uvc_init+0x2a/0x1000 [uvcvideo]
[    5.367146]  ? 0xffffffffc0e0e000
[    5.367150]  do_one_initcall+0x48/0x1d0
[    5.367154]  ? _cond_resched+0x19/0x30
[    5.367157]  ? kmem_cache_alloc_trace+0x37a/0x430
[    5.367160]  ? do_init_module+0x28/0x250
[    5.367162]  do_init_module+0x62/0x250
[    5.367164]  load_module+0x101c/0x1270
[    5.367169]  ? security_kernel_post_read_file+0x5c/0x70
[    5.367171]  ? security_kernel_post_read_file+0x5c/0x70
[    5.367175]  __do_sys_finit_module+0xc2/0x120
[    5.367177]  ? __do_sys_finit_module+0xc2/0x120
[    5.367180]  __x64_sys_finit_module+0x1a/0x20
[    5.367184]  do_syscall_64+0x38/0x90
[    5.367187]  entry_SYSCALL_64_after_hwframe+0x44/0xa9
[    5.367189] RIP: 0033:0x7f0d4031289d
[    5.367192] Code: 00 c3 66 2e 0f 1f 84 00 00 00 00 00 90 f3 0f 1e fa 48 89 f8 48 89 f7 48 89 d6 48 89 ca 4d 89 c2 4d 89 c8 4c 8b 4c 24 08 0f 05 <48> 3d 01 f0 ff ff 73 01 c3 48 8b 0d c3 f5 0c 00 f7 d8 64 89 01 48
[    5.367193] RSP: 002b:00007fff6ceef248 EFLAGS: 00000246 ORIG_RAX: 0000000000000139
[    5.367196] RAX: ffffffffffffffda RBX: 000055f9ad66b910 RCX: 00007f0d4031289d
[    5.367198] RDX: 0000000000000000 RSI: 00007f0d401efded RDI: 0000000000000012
[    5.367199] RBP: 0000000000020000 R08: 0000000000000000 R09: 0000000000000000
[    5.367201] R10: 0000000000000012 R11: 0000000000000246 R12: 00007f0d401efded
[    5.367202] R13: 0000000000000000 R14: 000055f9ad4548a0 R15: 000055f9ad66b910
[    5.367205] ---[ end trace 578c64e879294253 ]---
[    5.367207] uvcvideo: Failed to create links for entity 7
[    5.367209] uvcvideo: Failed to register entities (-22).
[    5.367308] input: USB 2.0 UVC VGA WebCam: USB2.0  as /devices/pci0000:00/0000:00:1a.0/usb1/1-1/1-1.2/1-1.2:1.0/input/input16
[    5.367404] usbcore: registered new interface driver uvcvideo
[    5.367405] USB Video Class driver (1.1.1)
[    5.383938] snd_hda_codec_realtek hdaudioC0D0: autoconfig for ALC269VB: line_outs=1 (0x14/0x0/0x0/0x0/0x0) type:speaker
[    5.383942] snd_hda_codec_realtek hdaudioC0D0:    speaker_outs=0 (0x0/0x0/0x0/0x0/0x0)
[    5.383944] snd_hda_codec_realtek hdaudioC0D0:    hp_outs=1 (0x21/0x0/0x0/0x0/0x0)
[    5.383946] snd_hda_codec_realtek hdaudioC0D0:    mono: mono_out=0x0
[    5.383947] snd_hda_codec_realtek hdaudioC0D0:    inputs:
[    5.383950] snd_hda_codec_realtek hdaudioC0D0:      Internal Mic=0x19
[    5.383952] snd_hda_codec_realtek hdaudioC0D0:      Mic=0x18
[    5.398112] ath9k 0000:03:00.0: enabling device (0000 -> 0002)
[    5.398288] ath: phy0: Set BT/WLAN RX diversity capability
[    5.449159] ath: phy0: ASPM enabled: 0x42
[    5.449165] ath: EEPROM regdomain: 0x60
[    5.449166] ath: EEPROM indicates we should expect a direct regpair map
[    5.449168] ath: Country alpha2 being used: 00
[    5.449169] ath: Regpair used: 0x60
[    5.449456] input: HDA Intel PCH Mic as /devices/pci0000:00/0000:00:1b.0/sound/card0/input17
[    5.449533] input: HDA Intel PCH Headphone as /devices/pci0000:00/0000:00:1b.0/sound/card0/input18
[    5.449627] input: HDA Intel PCH HDMI/DP,pcm=3 as /devices/pci0000:00/0000:00:1b.0/sound/card0/input19
[    5.451609] hdaudio hdaudioC1D0: no AFG or MFG node found
[    5.451622] hdaudio hdaudioC1D1: no AFG or MFG node found
[    5.451629] hdaudio hdaudioC1D2: no AFG or MFG node found
[    5.451635] hdaudio hdaudioC1D3: no AFG or MFG node found
[    5.451642] hdaudio hdaudioC1D4: no AFG or MFG node found
[    5.451647] hdaudio hdaudioC1D5: no AFG or MFG node found
[    5.451653] hdaudio hdaudioC1D6: no AFG or MFG node found
[    5.451660] hdaudio hdaudioC1D7: no AFG or MFG node found
[    5.451663] snd_hda_intel 0000:01:00.1: no codecs initialized
[    5.466665] ieee80211 phy0: Selected rate control algorithm 'minstrel_ht'
[    5.467193] ieee80211 phy0: Atheros AR9285 Rev:2 mem=0xffffb40040e20000, irq=17
[    5.669368] usbcore: registered new interface driver ath3k
[    5.769948] ath9k 0000:03:00.0 wlp3s0: renamed from wlan0
[    5.776614] intel_rapl_common: Found RAPL domain package
[    5.776618] intel_rapl_common: Found RAPL domain core
[    5.776619] intel_rapl_common: Found RAPL domain uncore
[    5.845806] usb 1-1.1: USB disconnect, device number 3
[    6.333212] usb 1-1.1: new full-speed USB device number 6 using ehci-pci
[    6.440864] usb 1-1.1: New USB device found, idVendor=0cf3, idProduct=3005, bcdDevice= 0.01
[    6.440872] usb 1-1.1: New USB device strings: Mfr=0, Product=0, SerialNumber=0
[   24.562075] audit: type=1400 audit(1670378267.036:2): apparmor="STATUS" operation="profile_load" profile="unconfined" name="nvidia_modprobe" pid=818 comm="apparmor_parser"
[   24.562082] audit: type=1400 audit(1670378267.036:3): apparmor="STATUS" operation="profile_load" profile="unconfined" name="nvidia_modprobe//kmod" pid=818 comm="apparmor_parser"
[   24.565385] audit: type=1400 audit(1670378267.040:4): apparmor="STATUS" operation="profile_load" profile="unconfined" name="/usr/bin/man" pid=819 comm="apparmor_parser"
[   24.565391] audit: type=1400 audit(1670378267.040:5): apparmor="STATUS" operation="profile_load" profile="unconfined" name="man_filter" pid=819 comm="apparmor_parser"
[   24.565397] audit: type=1400 audit(1670378267.040:6): apparmor="STATUS" operation="profile_load" profile="unconfined" name="man_groff" pid=819 comm="apparmor_parser"
[   24.575687] audit: type=1400 audit(1670378267.048:7): apparmor="STATUS" operation="profile_load" profile="unconfined" name="ippusbxd" pid=825 comm="apparmor_parser"
[   24.576001] audit: type=1400 audit(1670378267.052:8): apparmor="STATUS" operation="profile_load" profile="unconfined" name="/usr/sbin/tcpdump" pid=820 comm="apparmor_parser"
[   24.589625] audit: type=1400 audit(1670378267.064:9): apparmor="STATUS" operation="profile_load" profile="unconfined" name="/usr/lib/NetworkManager/nm-dhcp-client.action" pid=826 comm="apparmor_parser"
[   24.589634] audit: type=1400 audit(1670378267.064:10): apparmor="STATUS" operation="profile_load" profile="unconfined" name="/usr/lib/NetworkManager/nm-dhcp-helper" pid=826 comm="apparmor_parser"
[   24.589638] audit: type=1400 audit(1670378267.064:11): apparmor="STATUS" operation="profile_load" profile="unconfined" name="/usr/lib/connman/scripts/dhclient-script" pid=826 comm="apparmor_parser"
[   25.130402] Bluetooth: BNEP (Ethernet Emulation) ver 1.3
[   25.130407] Bluetooth: BNEP filters: protocol multicast
[   25.130420] Bluetooth: BNEP socket layer initialized
[   25.149244] NET: Registered protocol family 38
[   25.638615] RTL8211DN Gigabit Ethernet r8169-500:00: attached PHY driver [RTL8211DN Gigabit Ethernet] (mii_bus:phy_addr=r8169-500:00, irq=IGNORE)
[   25.944845] r8169 0000:05:00.0 enp5s0: Link is Down
[   40.389298] kauditd_printk_skb: 41 callbacks suppressed
[   40.389300] audit: type=1400 audit(1670378282.864:53): apparmor="ALLOWED" operation="open" profile="snap.anbox.container-manager" name="/proc/3461/attr/current" pid=3461 comm="cat" requested_mask="r" denied_mask="r" fsuid=0 ouid=0
[   40.390451] audit: type=1400 audit(1670378282.864:54): apparmor="ALLOWED" operation="exec" profile="snap.anbox.container-manager" name="/usr/sbin/aa-exec" pid=970 comm="container-manag" requested_mask="x" denied_mask="x" fsuid=0 ouid=0 target="snap.anbox.container-manager//null-/usr/sbin/aa-exec"
[   40.393180] audit: type=1400 audit(1670378282.868:55): apparmor="ALLOWED" operation="file_mmap" profile="snap.anbox.container-manager//null-/usr/sbin/aa-exec" name="/usr/sbin/aa-exec" pid=970 comm="aa-exec" requested_mask="rm" denied_mask="rm" fsuid=0 ouid=0
[   40.393204] audit: type=1400 audit(1670378282.868:56): apparmor="ALLOWED" operation="file_mmap" profile="snap.anbox.container-manager//null-/usr/sbin/aa-exec" name="/lib/x86_64-linux-gnu/ld-2.23.so" pid=970 comm="aa-exec" requested_mask="rm" denied_mask="rm" fsuid=0 ouid=0
[   40.393515] audit: type=1400 audit(1670378282.868:57): apparmor="ALLOWED" operation="open" profile="snap.anbox.container-manager//null-/usr/sbin/aa-exec" name="/etc/ld.so.cache" pid=970 comm="aa-exec" requested_mask="r" denied_mask="r" fsuid=0 ouid=0
[   40.393551] audit: type=1400 audit(1670378282.868:58): apparmor="ALLOWED" operation="open" profile="snap.anbox.container-manager//null-/usr/sbin/aa-exec" name="/lib/x86_64-linux-gnu/libpthread-2.23.so" pid=970 comm="aa-exec" requested_mask="r" denied_mask="r" fsuid=0 ouid=0
[   40.393579] audit: type=1400 audit(1670378282.868:59): apparmor="ALLOWED" operation="file_mmap" profile="snap.anbox.container-manager//null-/usr/sbin/aa-exec" name="/lib/x86_64-linux-gnu/libpthread-2.23.so" pid=970 comm="aa-exec" requested_mask="rm" denied_mask="rm" fsuid=0 ouid=0
[   40.393694] audit: type=1400 audit(1670378282.868:60): apparmor="ALLOWED" operation="open" profile="snap.anbox.container-manager//null-/usr/sbin/aa-exec" name="/lib/x86_64-linux-gnu/libc-2.23.so" pid=970 comm="aa-exec" requested_mask="r" denied_mask="r" fsuid=0 ouid=0
[   40.393721] audit: type=1400 audit(1670378282.868:61): apparmor="ALLOWED" operation="file_mmap" profile="snap.anbox.container-manager//null-/usr/sbin/aa-exec" name="/lib/x86_64-linux-gnu/libc-2.23.so" pid=970 comm="aa-exec" requested_mask="rm" denied_mask="rm" fsuid=0 ouid=0
[   40.394066] audit: type=1400 audit(1670378282.868:62): apparmor="ALLOWED" operation="open" profile="snap.anbox.container-manager//null-/usr/sbin/aa-exec" name="/proc/970/attr/exec" pid=970 comm="aa-exec" requested_mask="w" denied_mask="w" fsuid=0 ouid=0
[   41.041485] bpfilter: Loaded bpfilter_umh pid 3657
[   41.041866] Started bpfilter
[   41.088563] Bluetooth: RFCOMM TTY layer initialized
[   41.088576] Bluetooth: RFCOMM socket layer initialized
[   41.088584] Bluetooth: RFCOMM ver 1.11
[   41.131945] bridge: filtering via arp/ip/ip6tables is no longer available by default. Update your scripts to load br_netfilter if you need this.
[   41.783965] ashmem_linux: module is from the staging directory, the quality is unknown, you have been warned.
[   41.784305] ashmem: initialized
[   42.735999] overlayfs: "xino" feature enabled using 32 upper inode bits.
[   44.635181] FAT-fs (sdc4): Volume was not properly unmounted. Some data may be corrupt. Please run fsck.
[   46.818860] wlp3s0: authenticate with d0:59:19:19:19:a8
[   46.834205] wlp3s0: send auth to d0:59:19:19:19:a8 (try 1/3)
[   46.836786] wlp3s0: authenticated
[   46.843795] wlp3s0: associate with d0:59:19:19:19:a8 (try 1/3)
[   46.848091] wlp3s0: RX AssocResp from d0:59:19:19:19:a8 (capab=0x1c31 status=0 aid=3)
[   46.848323] wlp3s0: associated
[   46.860669] wlp3s0: Limiting TX power to 27 (27 - 0) dBm as advertised by d0:59:19:19:19:a8
[   46.957836] IPv6: ADDRCONF(NETDEV_CHANGE): wlp3s0: link becomes ready
[  357.945262] kauditd_printk_skb: 8 callbacks suppressed
[  357.945264] audit: type=1400 audit(1670378600.871:71): apparmor="STATUS" operation="profile_replace" info="same as current profile, skipping" profile="unconfined" name="/snap/core/14399/usr/lib/snapd/snap-confine" pid=29029 comm="apparmor_parser"
[  357.945270] audit: type=1400 audit(1670378600.871:72): apparmor="STATUS" operation="profile_replace" info="same as current profile, skipping" profile="unconfined" name="/snap/core/14399/usr/lib/snapd/snap-confine//mount-namespace-capture-helper" pid=29029 comm="apparmor_parser"
[  358.523397] audit: type=1400 audit(1670378601.451:73): apparmor="STATUS" operation="profile_replace" profile="unconfined" name="snap.inkscape.hook.configure" pid=29032 comm="apparmor_parser"
[  359.215353] audit: type=1400 audit(1670378602.143:74): apparmor="STATUS" operation="profile_replace" profile="unconfined" name="snap.inkscape.viewer" pid=29034 comm="apparmor_parser"
